#
# There is insufficient memory for the Java Runtime Environment to continue.
# Native memory allocation (mmap) failed to map 65536 bytes for Failed to commit metaspace.
# Possible reasons:
#   The system is out of physical RAM or swap space
#   The process is running with CompressedOops enabled, and the Java Heap may be blocking the growth of the native heap
# Possible solutions:
#   Reduce memory load on the system
#   Increase physical memory or swap space
#   Check if swap backing store is full
#   Decrease Java heap size (-Xmx/-Xms)
#   Decrease number of Java threads
#   Decrease Java thread stack sizes (-Xss)
#   Set larger code cache with -XX:ReservedCodeCacheSize=
#   JVM is running with Unscaled Compressed Oops mode in which the Java heap is
#     placed in the first 4GB address space. The Java Heap base address is the
#     maximum limit for the native heap growth. Please use -XX:HeapBaseMinAddress
#     to set the Java Heap base and to place the Java Heap above 4GB virtual address.
# This output file may be truncated or incomplete.
#
#  Out of Memory Error (virtualSpaceNode.cpp:110), pid=24476, tid=25296
#
# JRE version: Java(TM) SE Runtime Environment (17.0.10+11) (build 17.0.10+11-LTS-240)
# Java VM: Java HotSpot(TM) 64-Bit Server VM (17.0.10+11-LTS-240, mixed mode, sharing, tiered, compressed oops, compressed class ptrs, g1 gc, windows-amd64)
# No core dump will be written. Minidumps are not enabled by default on client versions of Windows
#

---------------  S U M M A R Y ------------

Command Line: -Xmx64m -Xms64m -Dhttps.protocols=TLSv1.2 -Djavax.net.ssl.trustStoreType=JKS -Dorg.gradle.appname=gradlew org.gradle.wrapper.GradleWrapperMain app:installDebug -PreactNativeDevServerPort=8081

Host: AMD Ryzen 3 5300U with Radeon Graphics         , 8 cores, 7G,  Windows 11 , 64 bit Build 26100 (10.0.26100.4768)
Time: Fri Sep 12 13:57:23 2025 India Standard Time elapsed time: 15.845877 seconds (0d 0h 0m 15s)

---------------  T H R E A D  ---------------

Current thread (0x000002ad8c124ad0):  JavaThread "main" [_thread_in_vm, id=25296, stack(0x000000bf74e00000,0x000000bf74f00000)]

Stack: [0x000000bf74e00000,0x000000bf74f00000]
Native frames: (J=compiled Java code, j=interpreted, Vv=VM code, C=native code)
V  [jvm.dll+0x677a5a]
V  [jvm.dll+0x7d8b2d]
V  [jvm.dll+0x7da48e]
V  [jvm.dll+0x7daaf3]
V  [jvm.dll+0x2455ff]
V  [jvm.dll+0x7d483b]
V  [jvm.dll+0x61dc06]
V  [jvm.dll+0x1bfa87]
V  [jvm.dll+0x620570]
V  [jvm.dll+0x61e5c6]
V  [jvm.dll+0x239c1f]
V  [jvm.dll+0x628365]
V  [jvm.dll+0x1e92ed]
V  [jvm.dll+0x1e98b5]
V  [jvm.dll+0x1ea1fb]
V  [jvm.dll+0x1dfa01]
V  [jvm.dll+0x53d58c]
V  [jvm.dll+0x753438]
V  [jvm.dll+0x753524]
V  [jvm.dll+0x40babf]
V  [jvm.dll+0x411a89]
C  [java.dll+0x17ec]

Java frames: (J=compiled Java code, j=interpreted, Vv=VM code)
j  java.lang.ClassLoader.defineClass1(Ljava/lang/ClassLoader;Ljava/lang/String;[BIILjava/security/ProtectionDomain;Ljava/lang/String;)Ljava/lang/Class;+0 java.base@17.0.10
j  java.lang.ClassLoader.defineClass(Ljava/lang/String;[BIILjava/security/ProtectionDomain;)Ljava/lang/Class;+27 java.base@17.0.10
j  java.security.SecureClassLoader.defineClass(Ljava/lang/String;[BIILjava/security/CodeSource;)Ljava/lang/Class;+12 java.base@17.0.10
j  jdk.internal.loader.BuiltinClassLoader.defineClass(Ljava/lang/String;Ljdk/internal/loader/Resource;)Ljava/lang/Class;+117 java.base@17.0.10
j  jdk.internal.loader.BuiltinClassLoader.findClassOnClassPathOrNull(Ljava/lang/String;)Ljava/lang/Class;+37 java.base@17.0.10
j  jdk.internal.loader.BuiltinClassLoader.loadClassOrNull(Ljava/lang/String;Z)Ljava/lang/Class;+111 java.base@17.0.10
j  jdk.internal.loader.BuiltinClassLoader.loadClass(Ljava/lang/String;Z)Ljava/lang/Class;+3 java.base@17.0.10
j  jdk.internal.loader.ClassLoaders$AppClassLoader.loadClass(Ljava/lang/String;Z)Ljava/lang/Class;+36 java.base@17.0.10
j  java.lang.ClassLoader.loadClass(Ljava/lang/String;)Ljava/lang/Class;+3 java.base@17.0.10
v  ~StubRoutines::call_stub
j  org.gradle.wrapper.BootstrapMainStarter.findLauncherJar(Ljava/io/File;)Ljava/io/File;+26
j  org.gradle.wrapper.Install.verifyDistributionRoot(Ljava/io/File;Ljava/lang/String;)Lorg/gradle/wrapper/Install$InstallCheck;+73
j  org.gradle.wrapper.Install.access$000(Lorg/gradle/wrapper/Install;Ljava/io/File;Ljava/lang/String;)Lorg/gradle/wrapper/Install$InstallCheck;+3
j  org.gradle.wrapper.Install$1.call()Ljava/io/File;+72
j  org.gradle.wrapper.Install$1.call()Ljava/lang/Object;+1
j  org.gradle.wrapper.ExclusiveFileAccessManager.access(Ljava/io/File;Ljava/util/concurrent/Callable;)Ljava/lang/Object;+230
j  org.gradle.wrapper.Install.createDist(Lorg/gradle/wrapper/WrapperConfiguration;)Ljava/io/File;+55
j  org.gradle.wrapper.WrapperExecutor.execute([Ljava/lang/String;Lorg/gradle/wrapper/Install;Lorg/gradle/wrapper/BootstrapMainStarter;)V+5
j  org.gradle.wrapper.GradleWrapperMain.main([Ljava/lang/String;)V+206
v  ~StubRoutines::call_stub

---------------  P R O C E S S  ---------------

Threads class SMR info:
_java_thread_list=0x000002ada5accbd0, length=12, elements={
0x000002ad8c124ad0, 0x000002ad8c1d0d90, 0x000002ad8c1d24c0, 0x000002ad8c1e92d0,
0x000002ad8c1ebbb0, 0x000002ad8c1ec570, 0x000002ad8c1ecf30, 0x000002ada58adf90,
0x000002ada58b2f10, 0x000002ada5925e50, 0x000002ada5af8350, 0x000002ada5b03430
}

Java Threads: ( => current thread )
=>0x000002ad8c124ad0 JavaThread "main" [_thread_in_vm, id=25296, stack(0x000000bf74e00000,0x000000bf74f00000)]
  0x000002ad8c1d0d90 JavaThread "Reference Handler" daemon [_thread_blocked, id=30536, stack(0x000000bf75500000,0x000000bf75600000)]
  0x000002ad8c1d24c0 JavaThread "Finalizer" daemon [_thread_blocked, id=19756, stack(0x000000bf75600000,0x000000bf75700000)]
  0x000002ad8c1e92d0 JavaThread "Signal Dispatcher" daemon [_thread_blocked, id=5196, stack(0x000000bf75700000,0x000000bf75800000)]
  0x000002ad8c1ebbb0 JavaThread "Attach Listener" daemon [_thread_blocked, id=21744, stack(0x000000bf75800000,0x000000bf75900000)]
  0x000002ad8c1ec570 JavaThread "Service Thread" daemon [_thread_blocked, id=38388, stack(0x000000bf75900000,0x000000bf75a00000)]
  0x000002ad8c1ecf30 JavaThread "Monitor Deflation Thread" daemon [_thread_blocked, id=37908, stack(0x000000bf75a00000,0x000000bf75b00000)]
  0x000002ada58adf90 JavaThread "C2 CompilerThread0" daemon [_thread_blocked, id=38076, stack(0x000000bf75b00000,0x000000bf75c00000)]
  0x000002ada58b2f10 JavaThread "C1 CompilerThread0" daemon [_thread_blocked, id=34152, stack(0x000000bf75c00000,0x000000bf75d00000)]
  0x000002ada5925e50 JavaThread "Sweeper thread" daemon [_thread_blocked, id=28140, stack(0x000000bf75d00000,0x000000bf75e00000)]
  0x000002ada5af8350 JavaThread "Notification Thread" daemon [_thread_blocked, id=36660, stack(0x000000bf75e00000,0x000000bf75f00000)]
  0x000002ada5b03430 JavaThread "Common-Cleaner" daemon [_thread_blocked, id=34088, stack(0x000000bf76000000,0x000000bf76100000)]

Other Threads:
  0x000002ad8c1c8fc0 VMThread "VM Thread" [stack: 0x000000bf75400000,0x000000bf75500000] [id=33648]
  0x000002ada5afa840 WatcherThread [stack: 0x000000bf75f00000,0x000000bf76000000] [id=40440]
  0x000002ad8c147380 GCTaskThread "GC Thread#0" [stack: 0x000000bf74f00000,0x000000bf75000000] [id=10288]
  0x000002ad8c1497a0 ConcurrentGCThread "G1 Main Marker" [stack: 0x000000bf75000000,0x000000bf75100000] [id=28056]
  0x000002ad8c14b1c0 ConcurrentGCThread "G1 Conc#0" [stack: 0x000000bf75100000,0x000000bf75200000] [id=37672]
  0x000002ad8c1abf90 ConcurrentGCThread "G1 Refine#0" [stack: 0x000000bf75200000,0x000000bf75300000] [id=33064]
  0x000002ad8c1ad690 ConcurrentGCThread "G1 Service" [stack: 0x000000bf75300000,0x000000bf75400000] [id=38316]

Threads with active compile tasks:

VM state: not at safepoint (normal execution)

VM Mutex/Monitor currently owned by a thread:  ([mutex/lock_event])
[0x000002ad8c11f770] Metaspace_lock - owner thread: 0x000002ad8c124ad0

Heap address: 0x00000000fc000000, size: 64 MB, Compressed Oops mode: 32-bit

CDS archive(s) mapped at: [0x000002ada6000000-0x000002ada6bd0000-0x000002ada6bd0000), size 12386304, SharedBaseAddress: 0x000002ada6000000, ArchiveRelocationMode: 1.
Compressed class space mapped at: 0x000002ada7000000-0x000002ade7000000, reserved size: 1073741824
Narrow klass base: 0x000002ada6000000, Narrow klass shift: 0, Narrow klass range: 0x100000000

GC Precious Log:
 CPUs: 8 total, 8 available
 Memory: 7502M
 Large Page Support: Disabled
 NUMA Support: Disabled
 Compressed Oops: Enabled (32-bit)
 Heap Region Size: 1M
 Heap Min Capacity: 64M
 Heap Initial Capacity: 64M
 Heap Max Capacity: 64M
 Pre-touch: Disabled
 Parallel Workers: 8
 Concurrent Workers: 2
 Concurrent Refinement Workers: 8
 Periodic GC: Disabled

Heap:
 garbage-first heap   total 65536K, used 2048K [0x00000000fc000000, 0x0000000100000000)
  region size 1024K, 3 young (3072K), 0 survivors (0K)
 Metaspace       used 1147K, committed 1280K, reserved 1114112K
  class space    used 114K, committed 192K, reserved 1048576K

Heap Regions: E=young(eden), S=young(survivor), O=old, HS=humongous(starts), HC=humongous(continues), CS=collection set, F=free, OA=open archive, CA=closed archive, TAMS=top-at-mark-start (previous, next)
|   0|0x00000000fc000000, 0x00000000fc000000, 0x00000000fc100000|  0%| F|  |TAMS 0x00000000fc000000, 0x00000000fc000000| Untracked 
|   1|0x00000000fc100000, 0x00000000fc100000, 0x00000000fc200000|  0%| F|  |TAMS 0x00000000fc100000, 0x00000000fc100000| Untracked 
|   2|0x00000000fc200000, 0x00000000fc200000, 0x00000000fc300000|  0%| F|  |TAMS 0x00000000fc200000, 0x00000000fc200000| Untracked 
|   3|0x00000000fc300000, 0x00000000fc300000, 0x00000000fc400000|  0%| F|  |TAMS 0x00000000fc300000, 0x00000000fc300000| Untracked 
|   4|0x00000000fc400000, 0x00000000fc400000, 0x00000000fc500000|  0%| F|  |TAMS 0x00000000fc400000, 0x00000000fc400000| Untracked 
|   5|0x00000000fc500000, 0x00000000fc500000, 0x00000000fc600000|  0%| F|  |TAMS 0x00000000fc500000, 0x00000000fc500000| Untracked 
|   6|0x00000000fc600000, 0x00000000fc600000, 0x00000000fc700000|  0%| F|  |TAMS 0x00000000fc600000, 0x00000000fc600000| Untracked 
|   7|0x00000000fc700000, 0x00000000fc700000, 0x00000000fc800000|  0%| F|  |TAMS 0x00000000fc700000, 0x00000000fc700000| Untracked 
|   8|0x00000000fc800000, 0x00000000fc800000, 0x00000000fc900000|  0%| F|  |TAMS 0x00000000fc800000, 0x00000000fc800000| Untracked 
|   9|0x00000000fc900000, 0x00000000fc900000, 0x00000000fca00000|  0%| F|  |TAMS 0x00000000fc900000, 0x00000000fc900000| Untracked 
|  10|0x00000000fca00000, 0x00000000fca00000, 0x00000000fcb00000|  0%| F|  |TAMS 0x00000000fca00000, 0x00000000fca00000| Untracked 
|  11|0x00000000fcb00000, 0x00000000fcb00000, 0x00000000fcc00000|  0%| F|  |TAMS 0x00000000fcb00000, 0x00000000fcb00000| Untracked 
|  12|0x00000000fcc00000, 0x00000000fcc00000, 0x00000000fcd00000|  0%| F|  |TAMS 0x00000000fcc00000, 0x00000000fcc00000| Untracked 
|  13|0x00000000fcd00000, 0x00000000fcd00000, 0x00000000fce00000|  0%| F|  |TAMS 0x00000000fcd00000, 0x00000000fcd00000| Untracked 
|  14|0x00000000fce00000, 0x00000000fce00000, 0x00000000fcf00000|  0%| F|  |TAMS 0x00000000fce00000, 0x00000000fce00000| Untracked 
|  15|0x00000000fcf00000, 0x00000000fcf00000, 0x00000000fd000000|  0%| F|  |TAMS 0x00000000fcf00000, 0x00000000fcf00000| Untracked 
|  16|0x00000000fd000000, 0x00000000fd000000, 0x00000000fd100000|  0%| F|  |TAMS 0x00000000fd000000, 0x00000000fd000000| Untracked 
|  17|0x00000000fd100000, 0x00000000fd100000, 0x00000000fd200000|  0%| F|  |TAMS 0x00000000fd100000, 0x00000000fd100000| Untracked 
|  18|0x00000000fd200000, 0x00000000fd200000, 0x00000000fd300000|  0%| F|  |TAMS 0x00000000fd200000, 0x00000000fd200000| Untracked 
|  19|0x00000000fd300000, 0x00000000fd300000, 0x00000000fd400000|  0%| F|  |TAMS 0x00000000fd300000, 0x00000000fd300000| Untracked 
|  20|0x00000000fd400000, 0x00000000fd400000, 0x00000000fd500000|  0%| F|  |TAMS 0x00000000fd400000, 0x00000000fd400000| Untracked 
|  21|0x00000000fd500000, 0x00000000fd500000, 0x00000000fd600000|  0%| F|  |TAMS 0x00000000fd500000, 0x00000000fd500000| Untracked 
|  22|0x00000000fd600000, 0x00000000fd600000, 0x00000000fd700000|  0%| F|  |TAMS 0x00000000fd600000, 0x00000000fd600000| Untracked 
|  23|0x00000000fd700000, 0x00000000fd700000, 0x00000000fd800000|  0%| F|  |TAMS 0x00000000fd700000, 0x00000000fd700000| Untracked 
|  24|0x00000000fd800000, 0x00000000fd800000, 0x00000000fd900000|  0%| F|  |TAMS 0x00000000fd800000, 0x00000000fd800000| Untracked 
|  25|0x00000000fd900000, 0x00000000fd900000, 0x00000000fda00000|  0%| F|  |TAMS 0x00000000fd900000, 0x00000000fd900000| Untracked 
|  26|0x00000000fda00000, 0x00000000fda00000, 0x00000000fdb00000|  0%| F|  |TAMS 0x00000000fda00000, 0x00000000fda00000| Untracked 
|  27|0x00000000fdb00000, 0x00000000fdb00000, 0x00000000fdc00000|  0%| F|  |TAMS 0x00000000fdb00000, 0x00000000fdb00000| Untracked 
|  28|0x00000000fdc00000, 0x00000000fdc00000, 0x00000000fdd00000|  0%| F|  |TAMS 0x00000000fdc00000, 0x00000000fdc00000| Untracked 
|  29|0x00000000fdd00000, 0x00000000fdd00000, 0x00000000fde00000|  0%| F|  |TAMS 0x00000000fdd00000, 0x00000000fdd00000| Untracked 
|  30|0x00000000fde00000, 0x00000000fde00000, 0x00000000fdf00000|  0%| F|  |TAMS 0x00000000fde00000, 0x00000000fde00000| Untracked 
|  31|0x00000000fdf00000, 0x00000000fdf00000, 0x00000000fe000000|  0%| F|  |TAMS 0x00000000fdf00000, 0x00000000fdf00000| Untracked 
|  32|0x00000000fe000000, 0x00000000fe000000, 0x00000000fe100000|  0%| F|  |TAMS 0x00000000fe000000, 0x00000000fe000000| Untracked 
|  33|0x00000000fe100000, 0x00000000fe100000, 0x00000000fe200000|  0%| F|  |TAMS 0x00000000fe100000, 0x00000000fe100000| Untracked 
|  34|0x00000000fe200000, 0x00000000fe200000, 0x00000000fe300000|  0%| F|  |TAMS 0x00000000fe200000, 0x00000000fe200000| Untracked 
|  35|0x00000000fe300000, 0x00000000fe300000, 0x00000000fe400000|  0%| F|  |TAMS 0x00000000fe300000, 0x00000000fe300000| Untracked 
|  36|0x00000000fe400000, 0x00000000fe400000, 0x00000000fe500000|  0%| F|  |TAMS 0x00000000fe400000, 0x00000000fe400000| Untracked 
|  37|0x00000000fe500000, 0x00000000fe500000, 0x00000000fe600000|  0%| F|  |TAMS 0x00000000fe500000, 0x00000000fe500000| Untracked 
|  38|0x00000000fe600000, 0x00000000fe600000, 0x00000000fe700000|  0%| F|  |TAMS 0x00000000fe600000, 0x00000000fe600000| Untracked 
|  39|0x00000000fe700000, 0x00000000fe700000, 0x00000000fe800000|  0%| F|  |TAMS 0x00000000fe700000, 0x00000000fe700000| Untracked 
|  40|0x00000000fe800000, 0x00000000fe800000, 0x00000000fe900000|  0%| F|  |TAMS 0x00000000fe800000, 0x00000000fe800000| Untracked 
|  41|0x00000000fe900000, 0x00000000fe900000, 0x00000000fea00000|  0%| F|  |TAMS 0x00000000fe900000, 0x00000000fe900000| Untracked 
|  42|0x00000000fea00000, 0x00000000fea00000, 0x00000000feb00000|  0%| F|  |TAMS 0x00000000fea00000, 0x00000000fea00000| Untracked 
|  43|0x00000000feb00000, 0x00000000feb00000, 0x00000000fec00000|  0%| F|  |TAMS 0x00000000feb00000, 0x00000000feb00000| Untracked 
|  44|0x00000000fec00000, 0x00000000fec00000, 0x00000000fed00000|  0%| F|  |TAMS 0x00000000fec00000, 0x00000000fec00000| Untracked 
|  45|0x00000000fed00000, 0x00000000fed00000, 0x00000000fee00000|  0%| F|  |TAMS 0x00000000fed00000, 0x00000000fed00000| Untracked 
|  46|0x00000000fee00000, 0x00000000fee00000, 0x00000000fef00000|  0%| F|  |TAMS 0x00000000fee00000, 0x00000000fee00000| Untracked 
|  47|0x00000000fef00000, 0x00000000fef00000, 0x00000000ff000000|  0%| F|  |TAMS 0x00000000fef00000, 0x00000000fef00000| Untracked 
|  48|0x00000000ff000000, 0x00000000ff000000, 0x00000000ff100000|  0%| F|  |TAMS 0x00000000ff000000, 0x00000000ff000000| Untracked 
|  49|0x00000000ff100000, 0x00000000ff100000, 0x00000000ff200000|  0%| F|  |TAMS 0x00000000ff100000, 0x00000000ff100000| Untracked 
|  50|0x00000000ff200000, 0x00000000ff200000, 0x00000000ff300000|  0%| F|  |TAMS 0x00000000ff200000, 0x00000000ff200000| Untracked 
|  51|0x00000000ff300000, 0x00000000ff300000, 0x00000000ff400000|  0%| F|  |TAMS 0x00000000ff300000, 0x00000000ff300000| Untracked 
|  52|0x00000000ff400000, 0x00000000ff400000, 0x00000000ff500000|  0%| F|  |TAMS 0x00000000ff400000, 0x00000000ff400000| Untracked 
|  53|0x00000000ff500000, 0x00000000ff500000, 0x00000000ff600000|  0%| F|  |TAMS 0x00000000ff500000, 0x00000000ff500000| Untracked 
|  54|0x00000000ff600000, 0x00000000ff600000, 0x00000000ff700000|  0%| F|  |TAMS 0x00000000ff600000, 0x00000000ff600000| Untracked 
|  55|0x00000000ff700000, 0x00000000ff700000, 0x00000000ff800000|  0%| F|  |TAMS 0x00000000ff700000, 0x00000000ff700000| Untracked 
|  56|0x00000000ff800000, 0x00000000ff800000, 0x00000000ff900000|  0%| F|  |TAMS 0x00000000ff800000, 0x00000000ff800000| Untracked 
|  57|0x00000000ff900000, 0x00000000ff900000, 0x00000000ffa00000|  0%| F|  |TAMS 0x00000000ff900000, 0x00000000ff900000| Untracked 
|  58|0x00000000ffa00000, 0x00000000ffa00000, 0x00000000ffb00000|  0%| F|  |TAMS 0x00000000ffa00000, 0x00000000ffa00000| Untracked 
|  59|0x00000000ffb00000, 0x00000000ffb00000, 0x00000000ffc00000|  0%| F|  |TAMS 0x00000000ffb00000, 0x00000000ffb00000| Untracked 
|  60|0x00000000ffc00000, 0x00000000ffc00000, 0x00000000ffd00000|  0%| F|  |TAMS 0x00000000ffc00000, 0x00000000ffc00000| Untracked 
|  61|0x00000000ffd00000, 0x00000000ffd76448, 0x00000000ffe00000| 46%| E|  |TAMS 0x00000000ffd00000, 0x00000000ffd00000| Complete 
|  62|0x00000000ffe00000, 0x00000000fff00000, 0x00000000fff00000|100%| E|CS|TAMS 0x00000000ffe00000, 0x00000000ffe00000| Complete 
|  63|0x00000000fff00000, 0x0000000100000000, 0x0000000100000000|100%| E|CS|TAMS 0x00000000fff00000, 0x00000000fff00000| Complete 

Card table byte_map: [0x000002ad8a110000,0x000002ad8a130000] _byte_map_base: 0x000002ad89930000

Marking Bits (Prev, Next): (CMBitMap*) 0x000002ad8c1479a0, (CMBitMap*) 0x000002ad8c1479e0
 Prev Bits: [0x000002ada2d00000, 0x000002ada2e00000)
 Next Bits: [0x000002ada2e00000, 0x000002ada2f00000)

Polling page: 0x000002ad8a0c0000

Metaspace:

Usage:
  Non-class:      1.01 MB used.
      Class:    114.78 KB used.
       Both:      1.12 MB used.

Virtual space:
  Non-class space:       64.00 MB reserved,       1.06 MB (  2%) committed,  1 nodes.
      Class space:        1.00 GB reserved,     192.00 KB ( <1%) committed,  1 nodes.
             Both:        1.06 GB reserved,       1.25 MB ( <1%) committed. 

Chunk freelists:
   Non-Class:  11.86 MB
       Class:  15.73 MB
        Both:  27.58 MB

MaxMetaspaceSize: unlimited
CompressedClassSpaceSize: 1.00 GB
Initial GC threshold: 21.00 MB
Current GC threshold: 21.00 MB
CDS: on
MetaspaceReclaimPolicy: balanced
 - commit_granule_bytes: 65536.
 - commit_granule_words: 8192.
 - virtual_space_node_default_size: 8388608.
 - enlarge_chunks_in_place: 1.
 - new_chunks_are_fully_committed: 0.
 - uncommit_free_chunks: 1.
 - use_allocation_guard: 0.
 - handle_deallocations: 1.


Internal statistics:

num_allocs_failed_limit: 0.
num_arena_births: 6.
num_arena_deaths: 0.
num_vsnodes_births: 2.
num_vsnodes_deaths: 0.
num_space_committed: 20.
num_space_uncommitted: 0.
num_chunks_returned_to_freelist: 0.
num_chunks_taken_from_freelist: 19.
num_chunk_merges: 0.
num_chunk_splits: 10.
num_chunks_enlarged: 8.
num_inconsistent_stats: 0.

CodeHeap 'non-profiled nmethods': size=120000Kb used=52Kb max_used=52Kb free=119947Kb
 bounds [0x000002ad9b4a0000, 0x000002ad9b710000, 0x000002ada29d0000]
CodeHeap 'profiled nmethods': size=120000Kb used=228Kb max_used=228Kb free=119771Kb
 bounds [0x000002ad939d0000, 0x000002ad93c40000, 0x000002ad9af00000]
CodeHeap 'non-nmethods': size=5760Kb used=1117Kb max_used=1125Kb free=4643Kb
 bounds [0x000002ad9af00000, 0x000002ad9b170000, 0x000002ad9b4a0000]
 total_blobs=588 nmethods=189 adapters=312
 compilation: enabled
              stopped_count=0, restarted_count=0
 full_count=0

Compilation events (20 events):
Event: 10.292 Thread 0x000002ada58adf90  178       4       java.lang.String::length (11 bytes)
Event: 10.292 Thread 0x000002ada58b2f10  179       3       java.lang.StringConcatHelper::newArray (26 bytes)
Event: 10.293 Thread 0x000002ada58b2f10 nmethod 179 0x000002ad93a05190 code [0x000002ad93a05340, 0x000002ad93a05588]
Event: 10.293 Thread 0x000002ada58b2f10  181       3       java.lang.StringLatin1::replace (198 bytes)
Event: 10.293 Thread 0x000002ada58adf90 nmethod 178 0x000002ad9b4ac490 code [0x000002ad9b4ac600, 0x000002ad9b4ac698]
Event: 10.294 Thread 0x000002ada58b2f10 nmethod 181 0x000002ad93a05690 code [0x000002ad93a05920, 0x000002ad93a066a8]
Event: 10.294 Thread 0x000002ada58b2f10  180       3       jdk.internal.misc.Unsafe::allocateUninitializedArray (55 bytes)
Event: 10.295 Thread 0x000002ada58b2f10 nmethod 180 0x000002ad93a06b90 code [0x000002ad93a06d80, 0x000002ad93a071f8]
Event: 10.790 Thread 0x000002ada58b2f10  183       1       java.lang.invoke.MethodType::form (5 bytes)
Event: 10.791 Thread 0x000002ada58b2f10 nmethod 183 0x000002ad9b4aca90 code [0x000002ad9b4acc20, 0x000002ad9b4accf8]
Event: 10.795 Thread 0x000002ada58b2f10  185       3       java.io.WinNTFileSystem::isSlash (18 bytes)
Event: 10.796 Thread 0x000002ada58b2f10 nmethod 185 0x000002ad93a07390 code [0x000002ad93a07520, 0x000002ad93a076b8]
Event: 10.797 Thread 0x000002ada58b2f10  186       1       java.util.zip.ZipCoder$UTF8ZipCoder::isUTF8 (2 bytes)
Event: 10.797 Thread 0x000002ada58b2f10 nmethod 186 0x000002ad9b4ad090 code [0x000002ad9b4ad220, 0x000002ad9b4ad2f8]
Event: 11.752 Thread 0x000002ada58b2f10  187       3       java.lang.ClassLoader::checkName (37 bytes)
Event: 11.754 Thread 0x000002ada58b2f10 nmethod 187 0x000002ad93a07790 code [0x000002ad93a079e0, 0x000002ad93a083b8]
Event: 12.845 Thread 0x000002ada58b2f10  188       3       java.lang.ref.Reference::<init> (25 bytes)
Event: 12.846 Thread 0x000002ada58b2f10 nmethod 188 0x000002ad93a08710 code [0x000002ad93a088c0, 0x000002ad93a08b38]
Event: 13.104 Thread 0x000002ada58b2f10  189       3       java.util.zip.ZipUtils::LG (22 bytes)
Event: 13.104 Thread 0x000002ada58b2f10 nmethod 189 0x000002ad93a08c10 code [0x000002ad93a08dc0, 0x000002ad93a09038]

GC Heap History (0 events):
No events

Deoptimization events (0 events):
No events

Classes unloaded (0 events):
No events

Classes redefined (0 events):
No events

Internal exceptions (0 events):
No events

VM Operations (8 events):
Event: 6.412 Executing VM operation: Cleanup
Event: 7.621 Executing VM operation: Cleanup done
Event: 7.875 Executing VM operation: HandshakeAllThreads
Event: 7.875 Executing VM operation: HandshakeAllThreads done
Event: 8.885 Executing VM operation: Cleanup
Event: 8.885 Executing VM operation: Cleanup done
Event: 9.889 Executing VM operation: Cleanup
Event: 10.158 Executing VM operation: Cleanup done

Events (20 events):
Event: 11.496 loading class sun/nio/ch/NativeThreadSet
Event: 11.498 loading class sun/nio/ch/NativeThreadSet done
Event: 11.498 loading class sun/nio/ch/FileDispatcherImpl
Event: 11.744 loading class sun/nio/ch/FileDispatcher
Event: 11.745 loading class sun/nio/ch/NativeDispatcher
Event: 11.748 loading class sun/nio/ch/NativeDispatcher done
Event: 11.748 loading class sun/nio/ch/FileDispatcher done
Event: 11.748 loading class sun/nio/ch/FileDispatcherImpl done
Event: 11.749 loading class sun/nio/ch/FileLockImpl
Event: 11.749 loading class java/nio/channels/FileLock
Event: 11.751 loading class java/nio/channels/FileLock done
Event: 11.751 loading class sun/nio/ch/FileLockImpl done
Event: 11.751 loading class sun/nio/ch/NativeThread
Event: 11.754 loading class sun/nio/ch/NativeThread done
Event: 11.754 loading class sun/nio/ch/FileLockTable
Event: 11.755 loading class sun/nio/ch/FileLockTable done
Event: 11.755 loading class sun/nio/ch/FileKey
Event: 11.769 loading class sun/nio/ch/FileKey done
Event: 11.770 loading class sun/nio/ch/FileLockTable$FileLockReference
Event: 11.773 loading class sun/nio/ch/FileLockTable$FileLockReference done


Dynamic libraries:
0x00007ff7ba8b0000 - 0x00007ff7ba8c0000 	C:\Program Files\Java\jdk-17\bin\java.exe
0x00007ffc4be20000 - 0x00007ffc4c087000 	C:\WINDOWS\SYSTEM32\ntdll.dll
0x00007ffc4b220000 - 0x00007ffc4b2e9000 	C:\WINDOWS\System32\KERNEL32.DLL
0x00007ffc49300000 - 0x00007ffc496f0000 	C:\WINDOWS\System32\KERNELBASE.dll
0x00007ffc497f0000 - 0x00007ffc4993b000 	C:\WINDOWS\System32\ucrtbase.dll
0x00007ffc19e20000 - 0x00007ffc19e3b000 	C:\Program Files\Java\jdk-17\bin\VCRUNTIME140.dll
0x00007ffc12300000 - 0x00007ffc12319000 	C:\Program Files\Java\jdk-17\bin\jli.dll
0x00007ffc4aa10000 - 0x00007ffc4aac4000 	C:\WINDOWS\System32\ADVAPI32.dll
0x00007ffc4b330000 - 0x00007ffc4b3d9000 	C:\WINDOWS\System32\msvcrt.dll
0x00007ffc4a5c0000 - 0x00007ffc4a666000 	C:\WINDOWS\System32\sechost.dll
0x00007ffc4bc60000 - 0x00007ffc4bd78000 	C:\WINDOWS\System32\RPCRT4.dll
0x00007ffc4a3f0000 - 0x00007ffc4a5b5000 	C:\WINDOWS\System32\USER32.dll
0x00007ffc497c0000 - 0x00007ffc497e7000 	C:\WINDOWS\System32\win32u.dll
0x00007ffc4a8f0000 - 0x00007ffc4a91b000 	C:\WINDOWS\System32\GDI32.dll
0x00007ffc49a70000 - 0x00007ffc49ba8000 	C:\WINDOWS\System32\gdi32full.dll
0x00007ffc490d0000 - 0x00007ffc49173000 	C:\WINDOWS\System32\msvcp_win.dll
0x00007ffc408a0000 - 0x00007ffc408ab000 	C:\WINDOWS\SYSTEM32\VERSION.dll
0x00007ffc2f690000 - 0x00007ffc2f92a000 	C:\WINDOWS\WinSxS\amd64_microsoft.windows.common-controls_6595b64144ccf1df_6.0.26100.4768_none_3e0c112ce331287c\COMCTL32.dll
0x00007ffc4b2f0000 - 0x00007ffc4b31f000 	C:\WINDOWS\System32\IMM32.DLL
0x00007ffc19b50000 - 0x00007ffc19b5c000 	C:\Program Files\Java\jdk-17\bin\vcruntime140_1.dll
0x00007ffbdfde0000 - 0x00007ffbdfe6e000 	C:\Program Files\Java\jdk-17\bin\msvcp140.dll
0x00007ffbd92a0000 - 0x00007ffbd9e7f000 	C:\Program Files\Java\jdk-17\bin\server\jvm.dll
0x00007ffc4a820000 - 0x00007ffc4a828000 	C:\WINDOWS\System32\PSAPI.DLL
0x00007ffc18f50000 - 0x00007ffc18f5a000 	C:\WINDOWS\SYSTEM32\WSOCK32.dll
0x00007ffc4a020000 - 0x00007ffc4a094000 	C:\WINDOWS\System32\WS2_32.dll
0x00007ffc40860000 - 0x00007ffc40895000 	C:\WINDOWS\SYSTEM32\WINMM.dll
0x00007ffc47cd0000 - 0x00007ffc47ceb000 	C:\WINDOWS\SYSTEM32\kernel.appcore.dll
0x00007ffc18c30000 - 0x00007ffc18c3a000 	C:\Program Files\Java\jdk-17\bin\jimage.dll
0x00007ffc3bca0000 - 0x00007ffc3bee1000 	C:\WINDOWS\SYSTEM32\DBGHELP.DLL
0x00007ffc49c60000 - 0x00007ffc49fe5000 	C:\WINDOWS\System32\combase.dll
0x00007ffc4a0a0000 - 0x00007ffc4a180000 	C:\WINDOWS\System32\OLEAUT32.dll
0x00007ffc2e310000 - 0x00007ffc2e353000 	C:\WINDOWS\SYSTEM32\dbgcore.DLL
0x00007ffc49940000 - 0x00007ffc499d9000 	C:\WINDOWS\System32\bcryptPrimitives.dll
0x00007ffc04930000 - 0x00007ffc04955000 	C:\Program Files\Java\jdk-17\bin\java.dll
0x00007ffc04850000 - 0x00007ffc04927000 	C:\Program Files\Java\jdk-17\bin\jsvml.dll
0x00007ffc4aad0000 - 0x00007ffc4b21d000 	C:\WINDOWS\System32\SHELL32.dll
0x00007ffc48f50000 - 0x00007ffc490c3000 	C:\WINDOWS\System32\wintypes.dll
0x00007ffc46b50000 - 0x00007ffc473b0000 	C:\WINDOWS\SYSTEM32\windows.storage.dll
0x00007ffc4b4e0000 - 0x00007ffc4b5d5000 	C:\WINDOWS\System32\SHCORE.dll
0x00007ffc4a190000 - 0x00007ffc4a1fa000 	C:\WINDOWS\System32\shlwapi.dll
0x00007ffc48e70000 - 0x00007ffc48e99000 	C:\WINDOWS\SYSTEM32\profapi.dll
0x00007ffc10810000 - 0x00007ffc10829000 	C:\Program Files\Java\jdk-17\bin\net.dll
0x00007ffc42220000 - 0x00007ffc4233e000 	C:\WINDOWS\SYSTEM32\WINHTTP.dll
0x00007ffc48260000 - 0x00007ffc482cb000 	C:\WINDOWS\system32\mswsock.dll
0x00007ffc0efc0000 - 0x00007ffc0efd6000 	C:\Program Files\Java\jdk-17\bin\nio.dll
0x00007ffc04830000 - 0x00007ffc04848000 	C:\Program Files\Java\jdk-17\bin\zip.dll

dbghelp: loaded successfully - version: 4.0.5 - missing functions: none
symbol engine: initialized successfully - sym options: 0x614 - pdb path: .;C:\Program Files\Java\jdk-17\bin;C:\WINDOWS\SYSTEM32;C:\WINDOWS\WinSxS\amd64_microsoft.windows.common-controls_6595b64144ccf1df_6.0.26100.4768_none_3e0c112ce331287c;C:\Program Files\Java\jdk-17\bin\server

VM Arguments:
jvm_args: -Xmx64m -Xms64m -Dhttps.protocols=TLSv1.2 -Djavax.net.ssl.trustStoreType=JKS -Dorg.gradle.appname=gradlew 
java_command: org.gradle.wrapper.GradleWrapperMain app:installDebug -PreactNativeDevServerPort=8081
java_class_path (initial): D:\PROJECTS\MySecondDemo\MysecondDemo\android\\gradle\wrapper\gradle-wrapper.jar
Launcher Type: SUN_STANDARD

[Global flags]
     intx CICompilerCount                          = 4                                         {product} {ergonomic}
     uint ConcGCThreads                            = 2                                         {product} {ergonomic}
     uint G1ConcRefinementThreads                  = 8                                         {product} {ergonomic}
   size_t G1HeapRegionSize                         = 1048576                                   {product} {ergonomic}
    uintx GCDrainStackTargetSize                   = 64                                        {product} {ergonomic}
   size_t InitialHeapSize                          = 67108864                                  {product} {command line}
   size_t MarkStackSize                            = 4194304                                   {product} {ergonomic}
   size_t MaxHeapSize                              = 67108864                                  {product} {command line}
   size_t MaxNewSize                               = 39845888                                  {product} {ergonomic}
   size_t MinHeapDeltaBytes                        = 1048576                                   {product} {ergonomic}
   size_t MinHeapSize                              = 67108864                                  {product} {command line}
    uintx NonNMethodCodeHeapSize                   = 5839372                                {pd product} {ergonomic}
    uintx NonProfiledCodeHeapSize                  = 122909434                              {pd product} {ergonomic}
    uintx ProfiledCodeHeapSize                     = 122909434                              {pd product} {ergonomic}
    uintx ReservedCodeCacheSize                    = 251658240                              {pd product} {ergonomic}
     bool SegmentedCodeCache                       = true                                      {product} {ergonomic}
   size_t SoftMaxHeapSize                          = 67108864                               {manageable} {ergonomic}
     bool UseCompressedClassPointers               = true                           {product lp64_product} {ergonomic}
     bool UseCompressedOops                        = true                           {product lp64_product} {ergonomic}
     bool UseG1GC                                  = true                                      {product} {ergonomic}
     bool UseLargePagesIndividualAllocation        = false                                  {pd product} {ergonomic}

Logging:
Log output configuration:
 #0: stdout all=warning uptime,level,tags
 #1: stderr all=off uptime,level,tags

Environment Variables:
JAVA_HOME=C:\Program Files\Java\jdk-17
CLASSPATH=D:\PROJECTS\MySecondDemo\MysecondDemo\android\\gradle\wrapper\gradle-wrapper.jar
PATH=D:\PROJECTS\MySecondDemo\MysecondDemo\node_modules\.bin;D:\PROJECTS\MySecondDemo\MysecondDemo\node_modules\.bin;D:\PROJECTS\MySecondDemo\node_modules\.bin;D:\PROJECTS\node_modules\.bin;D:\node_modules\.bin;C:\Program Files\nodejs\node_modules\npm\node_modules\@npmcli\run-script\lib\node-gyp-bin;D:\PROJECTS\MySecondDemo\MysecondDemo\node_modules\.bin;D:\PROJECTS\MySecondDemo\MysecondDemo\node_modules\.bin;D:\PROJECTS\MySecondDemo\node_modules\.bin;D:\PROJECTS\node_modules\.bin;D:\node_modules\.bin;C:\Program Files\nodejs\node_modules\npm\node_modules\@npmcli\run-script\lib\node-gyp-bin;C:\Python313\Scripts\;C:\Python313\;C:\Program Files\Common Files\Oracle\Java\javapath;C:\Program Files\Microsoft\jdk-11.0.18.10-hotspot\bin;C:\WINDOWS\system32;C:\WINDOWS;C:\WINDOWS\System32\Wbem;C:\WINDOWS\System32\WindowsPowerShell\v1.0\;C:\WINDOWS\System32\OpenSSH\;C:\Program Files\Java\jdk-16.0.1\bin;C:\sqlite-tools-win32-x86-3360000\sqlite3;C:\Program Files\Microsoft SQL Server\Client SDK\ODBC\170\Tools\Binn\;C:\Program Files (x86)\Microsoft SQL Server\150\Tools\Binn\;C:\Program Files\Microsoft SQL Server\150\Tools\Binn\;C:\Program Files\Microsoft SQL Server\150\DTS\Binn\;C:\Program Files (x86)\Microsoft SQL Server\150\DTS\Binn\;C:\Program Files\Azure Data Studio\bin;C:\Program Files\Git\cmd;C:\ProgramData\chocolatey\bin;C:\Users\GOHIL KINJAL\AppData\Local\Programs\Microsoft VS Code\bin;C:\Program Files\nodejs\;C:\Users\GOHIL KINJAL\AppData\Local\Microsoft\WindowsApps;C:\Program Files\Azure Data Studio\bin;C:\Users\GOHIL KINJAL\AppData\Local\GitHubDesktop\bin;"C:\Users\GOHIL KINJAL\AppData\Local\Android\Sdk\platform-tools;";C:\Users\GOHIL KINJAL\AppData\Local\Android\Sdk;C:\Program Files\Microsoft Visual Studio;C:\Program Files\Java\jdk-17\bin;C:\application\flutter\bin;C:\Users\GOHIL KINJAL\AppData\Local\Programs\cursor\resources\app\bin;C:\Users\GOHIL KINJAL\AppData\Roaming\npm;C:\Users\GOHIL KINJAL\AppData\Local\Programs\Microsoft VS Code\bin;c:\Users\GOHIL KINJAL\AppData\Ro
USERNAME=GOHIL KINJAL
LANG=en_US.UTF-8
OS=Windows_NT
PROCESSOR_IDENTIFIER=AMD64 Family 23 Model 104 Stepping 1, AuthenticAMD



---------------  S Y S T E M  ---------------

OS:
 Windows 11 , 64 bit Build 26100 (10.0.26100.4768)
OS uptime: 0 days 3:01 hours

CPU: total 8 (initial active 8) (8 cores per cpu, 2 threads per core) family 23 model 104 stepping 1 microcode 0x8608104, cx8, cmov, fxsr, ht, mmx, 3dnowpref, sse, sse2, sse3, ssse3, sse4a, sse4.1, sse4.2, popcnt, lzcnt, tsc, tscinvbit, avx, avx2, aes, clmul, bmi1, bmi2, adx, sha, fma, vzeroupper, clflush, clflushopt

Memory: 4k page, system-wide physical 7502M (209M free)
TotalPageFile size 30030M (AvailPageFile size 0M)
current process WorkingSet (physical memory assigned to process): 20M, peak: 36M
current process commit charge ("private bytes"): 143M, peak: 143M

vm_info: Java HotSpot(TM) 64-Bit Server VM (17.0.10+11-LTS-240) for windows-amd64 JRE (17.0.10+11-LTS-240), built on Dec 19 2023 21:47:25 by "mach5one" with MS VC++ 17.1 (VS2022)

END.
