#
# There is insufficient memory for the Java Runtime Environment to continue.
# Native memory allocation (malloc) failed to allocate 1048576 bytes for AllocateHeap
# Possible reasons:
#   The system is out of physical RAM or swap space
#   The process is running with CompressedOops enabled, and the Java Heap may be blocking the growth of the native heap
# Possible solutions:
#   Reduce memory load on the system
#   Increase physical memory or swap space
#   Check if swap backing store is full
#   Decrease Java heap size (-Xmx/-Xms)
#   Decrease number of Java threads
#   Decrease Java thread stack sizes (-Xss)
#   Set larger code cache with -XX:ReservedCodeCacheSize=
#   JVM is running with Unscaled Compressed Oops mode in which the Java heap is
#     placed in the first 4GB address space. The Java Heap base address is the
#     maximum limit for the native heap growth. Please use -XX:HeapBaseMinAddress
#     to set the Java Heap base and to place the Java Heap above 4GB virtual address.
# This output file may be truncated or incomplete.
#
#  Out of Memory Error (allocation.cpp:44), pid=41700, tid=41300
#
# JRE version:  (17.0.10+11) (build )
# Java VM: Java HotSpot(TM) 64-Bit Server VM (17.0.10+11-LTS-240, mixed mode, sharing, tiered, compressed oops, compressed class ptrs, g1 gc, windows-amd64)
# No core dump will be written. Minidumps are not enabled by default on client versions of Windows
#

---------------  S U M M A R Y ------------

Command Line: -Xmx64m -Xms64m -Dhttps.protocols=TLSv1.2 -Djavax.net.ssl.trustStoreType=JKS -Dorg.gradle.appname=gradlew org.gradle.wrapper.GradleWrapperMain app:installDebug -PreactNativeDevServerPort=8081

Host: AMD Ryzen 3 5300U with Radeon Graphics         , 8 cores, 7G,  Windows 11 , 64 bit Build 26100 (10.0.26100.4768)
Time: Fri Sep 12 13:57:23 2025 India Standard Time elapsed time: 5.549768 seconds (0d 0h 0m 5s)

---------------  T H R E A D  ---------------

Current thread (0x00000201a13c7250):  JavaThread "Unknown thread" [_thread_in_vm, id=41300, stack(0x000000e68f300000,0x000000e68f400000)]

Stack: [0x000000e68f300000,0x000000e68f400000]
Native frames: (J=compiled Java code, j=interpreted, Vv=VM code, C=native code)
V  [jvm.dll+0x677a5a]
V  [jvm.dll+0x7d8b2d]
V  [jvm.dll+0x7da48e]
V  [jvm.dll+0x7daaf3]
V  [jvm.dll+0x2455ff]
V  [jvm.dll+0xa5173]
V  [jvm.dll+0x2d5bd7]
V  [jvm.dll+0x7aa51c]
V  [jvm.dll+0x367911]
V  [jvm.dll+0x789639]
V  [jvm.dll+0x3eb30f]
V  [jvm.dll+0x3ecd91]
C  [jli.dll+0x5297]
C  [ucrtbase.dll+0x37b0]
C  [KERNEL32.DLL+0x2e8d7]
C  [ntdll.dll+0x3c34c]


---------------  P R O C E S S  ---------------

Threads class SMR info:
_java_thread_list=0x00007ffbd9d56a18, length=0, elements={
}

Java Threads: ( => current thread )

Other Threads:

=>0x00000201a13c7250 (exited) JavaThread "Unknown thread" [_thread_in_vm, id=41300, stack(0x000000e68f300000,0x000000e68f400000)]

Threads with active compile tasks:

VM state: not at safepoint (not fully initialized)

VM Mutex/Monitor currently owned by a thread: None

Heap address: 0x0000000000000000, size: 0 MB, Compressed Oops mode: 32-bit

CDS archive(s) mapped at: [0x0000000000000000-0x0000000000000000-0x0000000000000000), size 0, SharedBaseAddress: 0x0000000800000000, ArchiveRelocationMode: 1.
Narrow klass base: 0x0000000000000000, Narrow klass shift: 0, Narrow klass range: 0x0

GC Precious Log:
<Empty>

GC Heap History (0 events):
No events

Deoptimization events (0 events):
No events

Classes unloaded (0 events):
No events

Classes redefined (0 events):
No events

Internal exceptions (0 events):
No events

VM Operations (0 events):
No events

Events (1 events):
Event: 2.630 Loaded shared library C:\Program Files\Java\jdk-17\bin\java.dll


Dynamic libraries:
0x00007ff7ba8b0000 - 0x00007ff7ba8c0000 	C:\Program Files\Java\jdk-17\bin\java.exe
0x00007ffc4be20000 - 0x00007ffc4c087000 	C:\WINDOWS\SYSTEM32\ntdll.dll
0x00007ffc4b220000 - 0x00007ffc4b2e9000 	C:\WINDOWS\System32\KERNEL32.DLL
0x00007ffc49300000 - 0x00007ffc496f0000 	C:\WINDOWS\System32\KERNELBASE.dll
0x00007ffc12300000 - 0x00007ffc12319000 	C:\Program Files\Java\jdk-17\bin\jli.dll
0x00007ffc19e20000 - 0x00007ffc19e3b000 	C:\Program Files\Java\jdk-17\bin\VCRUNTIME140.dll
0x00007ffc497f0000 - 0x00007ffc4993b000 	C:\WINDOWS\System32\ucrtbase.dll
0x00007ffc4aa10000 - 0x00007ffc4aac4000 	C:\WINDOWS\System32\ADVAPI32.dll
0x00007ffc4b330000 - 0x00007ffc4b3d9000 	C:\WINDOWS\System32\msvcrt.dll
0x00007ffc4a5c0000 - 0x00007ffc4a666000 	C:\WINDOWS\System32\sechost.dll
0x00007ffc4bc60000 - 0x00007ffc4bd78000 	C:\WINDOWS\System32\RPCRT4.dll
0x00007ffc4a3f0000 - 0x00007ffc4a5b5000 	C:\WINDOWS\System32\USER32.dll
0x00007ffc497c0000 - 0x00007ffc497e7000 	C:\WINDOWS\System32\win32u.dll
0x00007ffc4a8f0000 - 0x00007ffc4a91b000 	C:\WINDOWS\System32\GDI32.dll
0x00007ffc2f690000 - 0x00007ffc2f92a000 	C:\WINDOWS\WinSxS\amd64_microsoft.windows.common-controls_6595b64144ccf1df_6.0.26100.4768_none_3e0c112ce331287c\COMCTL32.dll
0x00007ffc49a70000 - 0x00007ffc49ba8000 	C:\WINDOWS\System32\gdi32full.dll
0x00007ffc490d0000 - 0x00007ffc49173000 	C:\WINDOWS\System32\msvcp_win.dll
0x00007ffc408a0000 - 0x00007ffc408ab000 	C:\WINDOWS\SYSTEM32\VERSION.dll
0x00007ffc4b2f0000 - 0x00007ffc4b31f000 	C:\WINDOWS\System32\IMM32.DLL
0x00007ffc19b50000 - 0x00007ffc19b5c000 	C:\Program Files\Java\jdk-17\bin\vcruntime140_1.dll
0x00007ffbdfde0000 - 0x00007ffbdfe6e000 	C:\Program Files\Java\jdk-17\bin\msvcp140.dll
0x00007ffbd92a0000 - 0x00007ffbd9e7f000 	C:\Program Files\Java\jdk-17\bin\server\jvm.dll
0x00007ffc4a820000 - 0x00007ffc4a828000 	C:\WINDOWS\System32\PSAPI.DLL
0x00007ffc40860000 - 0x00007ffc40895000 	C:\WINDOWS\SYSTEM32\WINMM.dll
0x00007ffc18f50000 - 0x00007ffc18f5a000 	C:\WINDOWS\SYSTEM32\WSOCK32.dll
0x00007ffc4a020000 - 0x00007ffc4a094000 	C:\WINDOWS\System32\WS2_32.dll
0x00007ffc47cd0000 - 0x00007ffc47ceb000 	C:\WINDOWS\SYSTEM32\kernel.appcore.dll
0x00007ffc18c30000 - 0x00007ffc18c3a000 	C:\Program Files\Java\jdk-17\bin\jimage.dll
0x00007ffc3bca0000 - 0x00007ffc3bee1000 	C:\WINDOWS\SYSTEM32\DBGHELP.DLL
0x00007ffc49c60000 - 0x00007ffc49fe5000 	C:\WINDOWS\System32\combase.dll
0x00007ffc4a0a0000 - 0x00007ffc4a180000 	C:\WINDOWS\System32\OLEAUT32.dll
0x00007ffc2e310000 - 0x00007ffc2e353000 	C:\WINDOWS\SYSTEM32\dbgcore.DLL
0x00007ffc49940000 - 0x00007ffc499d9000 	C:\WINDOWS\System32\bcryptPrimitives.dll
0x00007ffc04930000 - 0x00007ffc04955000 	C:\Program Files\Java\jdk-17\bin\java.dll

dbghelp: loaded successfully - version: 4.0.5 - missing functions: none
symbol engine: initialized successfully - sym options: 0x614 - pdb path: .;C:\Program Files\Java\jdk-17\bin;C:\WINDOWS\SYSTEM32;C:\WINDOWS\WinSxS\amd64_microsoft.windows.common-controls_6595b64144ccf1df_6.0.26100.4768_none_3e0c112ce331287c;C:\Program Files\Java\jdk-17\bin\server

VM Arguments:
jvm_args: -Xmx64m -Xms64m -Dhttps.protocols=TLSv1.2 -Djavax.net.ssl.trustStoreType=JKS -Dorg.gradle.appname=gradlew 
java_command: org.gradle.wrapper.GradleWrapperMain app:installDebug -PreactNativeDevServerPort=8081
java_class_path (initial): D:\PROJECTS\MySecondDemo\MysecondDemo\android\\gradle\wrapper\gradle-wrapper.jar
Launcher Type: SUN_STANDARD

[Global flags]
     intx CICompilerCount                          = 4                                         {product} {ergonomic}
     uint ConcGCThreads                            = 2                                         {product} {ergonomic}
     uint G1ConcRefinementThreads                  = 8                                         {product} {ergonomic}
   size_t G1HeapRegionSize                         = 1048576                                   {product} {ergonomic}
    uintx GCDrainStackTargetSize                   = 64                                        {product} {ergonomic}
   size_t InitialHeapSize                          = 67108864                                  {product} {command line}
   size_t MarkStackSize                            = 4194304                                   {product} {ergonomic}
   size_t MaxHeapSize                              = 67108864                                  {product} {command line}
   size_t MinHeapDeltaBytes                        = 1048576                                   {product} {ergonomic}
   size_t MinHeapSize                              = 67108864                                  {product} {command line}
    uintx NonNMethodCodeHeapSize                   = 5839372                                {pd product} {ergonomic}
    uintx NonProfiledCodeHeapSize                  = 122909434                              {pd product} {ergonomic}
    uintx ProfiledCodeHeapSize                     = 122909434                              {pd product} {ergonomic}
    uintx ReservedCodeCacheSize                    = 251658240                              {pd product} {ergonomic}
     bool SegmentedCodeCache                       = true                                      {product} {ergonomic}
   size_t SoftMaxHeapSize                          = 67108864                               {manageable} {ergonomic}
     bool UseCompressedClassPointers               = true                           {product lp64_product} {ergonomic}
     bool UseCompressedOops                        = true                           {product lp64_product} {ergonomic}
     bool UseG1GC                                  = true                                      {product} {ergonomic}
     bool UseLargePagesIndividualAllocation        = false                                  {pd product} {ergonomic}

Logging:
Log output configuration:
 #0: stdout all=warning uptime,level,tags
 #1: stderr all=off uptime,level,tags

Environment Variables:
JAVA_HOME=C:\Program Files\Java\jdk-17
CLASSPATH=D:\PROJECTS\MySecondDemo\MysecondDemo\android\\gradle\wrapper\gradle-wrapper.jar
PATH=D:\PROJECTS\MySecondDemo\MysecondDemo\node_modules\.bin;D:\PROJECTS\MySecondDemo\MysecondDemo\node_modules\.bin;D:\PROJECTS\MySecondDemo\node_modules\.bin;D:\PROJECTS\node_modules\.bin;D:\node_modules\.bin;C:\Program Files\nodejs\node_modules\npm\node_modules\@npmcli\run-script\lib\node-gyp-bin;D:\PROJECTS\MySecondDemo\MysecondDemo\node_modules\.bin;D:\PROJECTS\MySecondDemo\MysecondDemo\node_modules\.bin;D:\PROJECTS\MySecondDemo\node_modules\.bin;D:\PROJECTS\node_modules\.bin;D:\node_modules\.bin;C:\Program Files\nodejs\node_modules\npm\node_modules\@npmcli\run-script\lib\node-gyp-bin;C:\Python313\Scripts\;C:\Python313\;C:\Program Files\Common Files\Oracle\Java\javapath;C:\Program Files\Microsoft\jdk-11.0.18.10-hotspot\bin;C:\WINDOWS\system32;C:\WINDOWS;C:\WINDOWS\System32\Wbem;C:\WINDOWS\System32\WindowsPowerShell\v1.0\;C:\WINDOWS\System32\OpenSSH\;C:\Program Files\Java\jdk-16.0.1\bin;C:\sqlite-tools-win32-x86-3360000\sqlite3;C:\Program Files\Microsoft SQL Server\Client SDK\ODBC\170\Tools\Binn\;C:\Program Files (x86)\Microsoft SQL Server\150\Tools\Binn\;C:\Program Files\Microsoft SQL Server\150\Tools\Binn\;C:\Program Files\Microsoft SQL Server\150\DTS\Binn\;C:\Program Files (x86)\Microsoft SQL Server\150\DTS\Binn\;C:\Program Files\Azure Data Studio\bin;C:\Program Files\Git\cmd;C:\ProgramData\chocolatey\bin;C:\Users\GOHIL KINJAL\AppData\Local\Programs\Microsoft VS Code\bin;C:\Program Files\nodejs\;C:\Users\GOHIL KINJAL\AppData\Local\Microsoft\WindowsApps;C:\Program Files\Azure Data Studio\bin;C:\Users\GOHIL KINJAL\AppData\Local\GitHubDesktop\bin;"C:\Users\GOHIL KINJAL\AppData\Local\Android\Sdk\platform-tools;";C:\Users\GOHIL KINJAL\AppData\Local\Android\Sdk;C:\Program Files\Microsoft Visual Studio;C:\Program Files\Java\jdk-17\bin;C:\application\flutter\bin;C:\Users\GOHIL KINJAL\AppData\Local\Programs\cursor\resources\app\bin;C:\Users\GOHIL KINJAL\AppData\Roaming\npm;C:\Users\GOHIL KINJAL\AppData\Local\Programs\Microsoft VS Code\bin;c:\Users\GOHIL KINJAL\AppData\Ro
USERNAME=GOHIL KINJAL
LANG=en_US.UTF-8
OS=Windows_NT
PROCESSOR_IDENTIFIER=AMD64 Family 23 Model 104 Stepping 1, AuthenticAMD



---------------  S Y S T E M  ---------------

OS:
 Windows 11 , 64 bit Build 26100 (10.0.26100.4768)
OS uptime: 0 days 3:01 hours

CPU: total 8 (initial active 8) (8 cores per cpu, 2 threads per core) family 23 model 104 stepping 1 microcode 0x8608104, cx8, cmov, fxsr, ht, mmx, 3dnowpref, sse, sse2, sse3, ssse3, sse4a, sse4.1, sse4.2, popcnt, lzcnt, tsc, tscinvbit, avx, avx2, aes, clmul, bmi1, bmi2, adx, sha, fma, vzeroupper, clflush, clflushopt

Memory: 4k page, system-wide physical 7502M (210M free)
TotalPageFile size 30030M (AvailPageFile size 0M)
current process WorkingSet (physical memory assigned to process): 8M, peak: 10M
current process commit charge ("private bytes"): 11M, peak: 12M

vm_info: Java HotSpot(TM) 64-Bit Server VM (17.0.10+11-LTS-240) for windows-amd64 JRE (17.0.10+11-LTS-240), built on Dec 19 2023 21:47:25 by "mach5one" with MS VC++ 17.1 (VS2022)

END.
