#
# There is insufficient memory for the Java Runtime Environment to continue.
# Native memory allocation (mmap) failed to map 145752064 bytes for G1 virtual space
# Possible reasons:
#   The system is out of physical RAM or swap space
#   The process is running with CompressedOops enabled, and the Java Heap may be blocking the growth of the native heap
# Possible solutions:
#   Reduce memory load on the system
#   Increase physical memory or swap space
#   Check if swap backing store is full
#   Decrease Java heap size (-Xmx/-Xms)
#   Decrease number of Java threads
#   Decrease Java thread stack sizes (-Xss)
#   Set larger code cache with -XX:ReservedCodeCacheSize=
#   JVM is running with Unscaled Compressed Oops mode in which the Java heap is
#     placed in the first 4GB address space. The Java Heap base address is the
#     maximum limit for the native heap growth. Please use -XX:HeapBaseMinAddress
#     to set the Java Heap base and to place the Java Heap above 4GB virtual address.
# This output file may be truncated or incomplete.
#
#  Out of Memory Error (os_windows.cpp:3548), pid=23468, tid=2864
#
# JRE version: Java(TM) SE Runtime Environment (17.0.10+11) (build 17.0.10+11-LTS-240)
# Java VM: Java HotSpot(TM) 64-Bit Server VM (17.0.10+11-LTS-240, mixed mode, sharing, tiered, compressed oops, compressed class ptrs, g1 gc, windows-amd64)
# No core dump will be written. Minidumps are not enabled by default on client versions of Windows
#

---------------  S U M M A R Y ------------

Command Line: -XX:MaxMetaspaceSize=512m --add-opens=java.base/java.util=ALL-UNNAMED --add-opens=java.base/java.lang=ALL-UNNAMED --add-opens=java.base/java.lang.invoke=ALL-UNNAMED --add-opens=java.prefs/java.util.prefs=ALL-UNNAMED --add-opens=java.base/java.nio.charset=ALL-UNNAMED --add-opens=java.base/java.net=ALL-UNNAMED --add-opens=java.base/java.util.concurrent.atomic=ALL-UNNAMED -Xmx2048m -Dfile.encoding=windows-1252 -Djavax.net.ssl.trustStoreType=JKS -Duser.country=IN -Duser.language=en -Duser.variant org.gradle.launcher.daemon.bootstrap.GradleDaemon 8.0.1

Host: AMD Ryzen 3 5300U with Radeon Graphics         , 8 cores, 7G,  Windows 11 , 64 bit Build 26100 (10.0.26100.4768)
Time: Fri Sep 12 14:25:13 2025 India Standard Time elapsed time: 1583.786909 seconds (0d 0h 26m 23s)

---------------  T H R E A D  ---------------

Current thread (0x000002a1b6f26d70):  VMThread "VM Thread" [stack: 0x000000b812a00000,0x000000b812b00000] [id=2864]

Stack: [0x000000b812a00000,0x000000b812b00000]
Native frames: (J=compiled Java code, j=interpreted, Vv=VM code, C=native code)
V  [jvm.dll+0x677a5a]
V  [jvm.dll+0x7d8b2d]
V  [jvm.dll+0x7da48e]
V  [jvm.dll+0x7daaf3]
V  [jvm.dll+0x2455ff]
V  [jvm.dll+0x6749b9]
V  [jvm.dll+0x669382]
V  [jvm.dll+0x302e96]
V  [jvm.dll+0x30a416]
V  [jvm.dll+0x359cbe]
V  [jvm.dll+0x359eef]
V  [jvm.dll+0x2d9e88]
V  [jvm.dll+0x2d8295]
V  [jvm.dll+0x2d789c]
V  [jvm.dll+0x31b18b]
V  [jvm.dll+0x7df30b]
V  [jvm.dll+0x7e0044]
V  [jvm.dll+0x7e055d]
V  [jvm.dll+0x7e0934]
V  [jvm.dll+0x7e0a00]
V  [jvm.dll+0x78888a]
V  [jvm.dll+0x676935]
C  [ucrtbase.dll+0x37b0]
C  [KERNEL32.DLL+0x2e8d7]
C  [ntdll.dll+0x3c34c]

VM_Operation (0x000000b8141f3e40): G1CollectForAllocation, mode: safepoint, requested by thread 0x000002a1d6fef990


---------------  P R O C E S S  ---------------

Threads class SMR info:
_java_thread_list=0x000002a1d814f200, length=134, elements={
0x000002a198d6c380, 0x000002a1b6f2d6f0, 0x000002a1b6f2ed30, 0x000002a1b6f47910,
0x000002a1b6f4c200, 0x000002a1b6f4cad0, 0x000002a1b6f4d3a0, 0x000002a1b6f4efb0,
0x000002a1b6f55200, 0x000002a1d6118070, 0x000002a1d61f2fe0, 0x000002a1d61ff4e0,
0x000002a1d78e3420, 0x000002a1d7e5b960, 0x000002a1d7ced8e0, 0x000002a1d6c2ea10,
0x000002a1d6facfe0, 0x000002a1d7d1cff0, 0x000002a1d6fef990, 0x000002a1d6fefea0,
0x000002a1d6ff08c0, 0x000002a1d6fee040, 0x000002a1d6ff12e0, 0x000002a1d6feea60,
0x000002a1d6fee550, 0x000002a1d6feef70, 0x000002a1d6ff03b0, 0x000002a1d6fef480,
0x000002a1d73467a0, 0x000002a1d7349020, 0x000002a1d7345d80, 0x000002a1d7349530,
0x000002a1d7346290, 0x000002a1d7346cb0, 0x000002a1d7348b10, 0x000002a1d734a970,
0x000002a1d7349a40, 0x000002a1d734ae80, 0x000002a1d73471c0, 0x000002a1d734b390,
0x000002a1d7347be0, 0x000002a1d734bdb0, 0x000002a1d73476d0, 0x000002a1d734b8a0,
0x000002a1d7348600, 0x000002a1d734d1f0, 0x000002a1d734c2c0, 0x000002a1d734c7d0,
0x000002a1d734d700, 0x000002a1d734cce0, 0x000002a1d6ff17f0, 0x000002a1d81c6a90,
0x000002a1d81c6fa0, 0x000002a1d81c7ed0, 0x000002a1d81c83e0, 0x000002a1d81c88f0,
0x000002a1d81c74b0, 0x000002a1d81c9310, 0x000002a1d81c8e00, 0x000002a1d81c9820,
0x000002a1d81c6070, 0x000002a1d81c9d30, 0x000002a1d81c6580, 0x000002a1d81ca240,
0x000002a1d81ca750, 0x000002a1d81cac60, 0x000002a1d81cb170, 0x000002a1d81c79c0,
0x000002a1d81cd4e0, 0x000002a1d81cd9f0, 0x000002a1d81cc5b0, 0x000002a1d9d8e150,
0x000002a1d9d8f590, 0x000002a1d9d8e660, 0x000002a1d9d8eb70, 0x000002a1d9d8faa0,
0x000002a1d9d8d220, 0x000002a1d9d8ffb0, 0x000002a1d9d8f080, 0x000002a1d9d8c800,
0x000002a1d9d8d730, 0x000002a1d9d8dc40, 0x000002a1d8128820, 0x000002a1d8128d30,
0x000002a1d8127e00, 0x000002a1d81273e0, 0x000002a1d8129240, 0x000002a1d8128310,
0x000002a1d8126ed0, 0x000002a1d81278f0, 0x000002a1d8129750, 0x000002a1d812a170,
0x000002a1d81269c0, 0x000002a1d812bac0, 0x000002a1d812ab90, 0x000002a1d812a680,
0x000002a1d812bfd0, 0x000002a1d812b0a0, 0x000002a1d812b5b0, 0x000002a1d812cf00,
0x000002a1d812c9f0, 0x000002a1d812c4e0, 0x000002a1d8129c60, 0x000002a1d812d410,
0x000002a1d812d920, 0x000002a1d812e340, 0x000002a1d7e28b80, 0x000002a1d7e27c50,
0x000002a1d7e28160, 0x000002a1d7e26d20, 0x000002a1d7e26300, 0x000002a1d7e27230,
0x000002a1d7e27740, 0x000002a1d7e26810, 0x000002a1d7e25df0, 0x000002a1d7e29090,
0x000002a1d7e28670, 0x000002a1d7e295a0, 0x000002a1d7f5c530, 0x000002a1d7f5ca40,
0x000002a1d7f5edb0, 0x000002a1d7f5e8a0, 0x000002a1d7f5c020, 0x000002a1d7f5f2c0,
0x000002a1d7f5f7d0, 0x000002a1d7f601f0, 0x000002a1d7f5fce0, 0x000002a1d7f60700,
0x000002a1d7f5e390, 0x000002a1d7f5cf50, 0x000002a1d7f60c10, 0x000002a1d7f5de80,
0x000002a1d7f5d460, 0x000002a1d7f61120
}

Java Threads: ( => current thread )
  0x000002a198d6c380 JavaThread "main" [_thread_blocked, id=5024, stack(0x000000b812400000,0x000000b812500000)]
  0x000002a1b6f2d6f0 JavaThread "Reference Handler" daemon [_thread_blocked, id=41012, stack(0x000000b812b00000,0x000000b812c00000)]
  0x000002a1b6f2ed30 JavaThread "Finalizer" daemon [_thread_blocked, id=30296, stack(0x000000b812c00000,0x000000b812d00000)]
  0x000002a1b6f47910 JavaThread "Signal Dispatcher" daemon [_thread_blocked, id=39980, stack(0x000000b812d00000,0x000000b812e00000)]
  0x000002a1b6f4c200 JavaThread "Attach Listener" daemon [_thread_blocked, id=1772, stack(0x000000b812e00000,0x000000b812f00000)]
  0x000002a1b6f4cad0 JavaThread "Service Thread" daemon [_thread_blocked, id=19532, stack(0x000000b812f00000,0x000000b813000000)]
  0x000002a1b6f4d3a0 JavaThread "Monitor Deflation Thread" daemon [_thread_blocked, id=26068, stack(0x000000b813000000,0x000000b813100000)]
  0x000002a1b6f4efb0 JavaThread "C2 CompilerThread0" daemon [_thread_blocked, id=32368, stack(0x000000b813100000,0x000000b813200000)]
  0x000002a1b6f55200 JavaThread "C1 CompilerThread0" daemon [_thread_blocked, id=39676, stack(0x000000b813200000,0x000000b813300000)]
  0x000002a1d6118070 JavaThread "Sweeper thread" daemon [_thread_blocked, id=41176, stack(0x000000b813300000,0x000000b813400000)]
  0x000002a1d61f2fe0 JavaThread "Common-Cleaner" daemon [_thread_blocked, id=9880, stack(0x000000b813400000,0x000000b813500000)]
  0x000002a1d61ff4e0 JavaThread "Notification Thread" daemon [_thread_blocked, id=23672, stack(0x000000b813500000,0x000000b813600000)]
  0x000002a1d78e3420 JavaThread "Daemon health stats" [_thread_blocked, id=4060, stack(0x000000b813b00000,0x000000b813c00000)]
  0x000002a1d7e5b960 JavaThread "Incoming local TCP Connector on port 64443" [_thread_in_native, id=26972, stack(0x000000b813c00000,0x000000b813d00000)]
  0x000002a1d7ced8e0 JavaThread "Daemon periodic checks" [_thread_blocked, id=20032, stack(0x000000b813d00000,0x000000b813e00000)]
  0x000002a1d6c2ea10 JavaThread "Daemon" [_thread_blocked, id=3460, stack(0x000000b813e00000,0x000000b813f00000)]
  0x000002a1d6facfe0 JavaThread "Handler for socket connection from /127.0.0.1:64443 to /127.0.0.1:64463" [_thread_in_native, id=27864, stack(0x000000b813f00000,0x000000b814000000)]
  0x000002a1d7d1cff0 JavaThread "Cancel handler" [_thread_blocked, id=32732, stack(0x000000b814000000,0x000000b814100000)]
  0x000002a1d6fef990 JavaThread "Daemon worker" [_thread_blocked, id=33472, stack(0x000000b814100000,0x000000b814200000)]
  0x000002a1d6fefea0 JavaThread "Asynchronous log dispatcher for DefaultDaemonConnection: socket connection from /127.0.0.1:64443 to /127.0.0.1:64463" [_thread_blocked, id=29800, stack(0x000000b814200000,0x000000b814300000)]
  0x000002a1d6ff08c0 JavaThread "Daemon client event forwarder" [_thread_blocked, id=40804, stack(0x000000b814400000,0x000000b814500000)]
  0x000002a1d6fee040 JavaThread "Cache worker for journal cache (C:\Users\GOHIL KINJAL\.gradle\caches\journal-1)" [_thread_blocked, id=40568, stack(0x000000b814600000,0x000000b814700000)]
  0x000002a1d6ff12e0 JavaThread "File lock request listener" [_thread_in_native, id=18896, stack(0x000000b814700000,0x000000b814800000)]
  0x000002a1d6feea60 JavaThread "Cache worker for file hash cache (C:\Users\GOHIL KINJAL\.gradle\caches\8.0.1\fileHashes)" [_thread_blocked, id=27608, stack(0x000000b814900000,0x000000b814a00000)]
  0x000002a1d6fee550 JavaThread "File watcher server" daemon [_thread_in_native, id=19004, stack(0x000000b812100000,0x000000b812200000)]
  0x000002a1d6feef70 JavaThread "File watcher consumer" daemon [_thread_blocked, id=28700, stack(0x000000b812200000,0x000000b812300000)]
  0x000002a1d6ff03b0 JavaThread "Cache worker for checksums cache (D:\PROJECTS\MySecondDemo\MysecondDemo\android\.gradle\8.0.1\checksums)" [_thread_blocked, id=37836, stack(0x000000b812300000,0x000000b812400000)]
  0x000002a1d6fef480 JavaThread "Cache worker for cache directory md-rule (C:\Users\GOHIL KINJAL\.gradle\caches\8.0.1\md-rule)" [_thread_blocked, id=18796, stack(0x000000b814300000,0x000000b814400000)]
  0x000002a1d73467a0 JavaThread "Cache worker for file content cache (C:\Users\GOHIL KINJAL\.gradle\caches\8.0.1\fileContent)" [_thread_blocked, id=41072, stack(0x000000b814e00000,0x000000b814f00000)]
  0x000002a1d7349020 JavaThread "Cache worker for file hash cache (D:\PROJECTS\MySecondDemo\MysecondDemo\android\.gradle\8.0.1\fileHashes)" [_thread_blocked, id=22664, stack(0x000000b815000000,0x000000b815100000)]
  0x000002a1d7345d80 JavaThread "Cache worker for cache directory md-supplier (C:\Users\GOHIL KINJAL\.gradle\caches\8.0.1\md-supplier)" [_thread_blocked, id=29068, stack(0x000000b815100000,0x000000b815200000)]
  0x000002a1d7349530 JavaThread "Cache worker for execution history cache (C:\Users\GOHIL KINJAL\.gradle\caches\8.0.1\executionHistory)" [_thread_blocked, id=39140, stack(0x000000b815200000,0x000000b815300000)]
  0x000002a1d7346290 JavaThread "jar transforms" [_thread_blocked, id=39868, stack(0x000000b815300000,0x000000b815400000)]
  0x000002a1d7346cb0 JavaThread "jar transforms Thread 2" [_thread_blocked, id=38000, stack(0x000000b814500000,0x000000b814600000)]
  0x000002a1d7348b10 JavaThread "jar transforms Thread 3" [_thread_blocked, id=14604, stack(0x000000b815400000,0x000000b815500000)]
  0x000002a1d734a970 JavaThread "jar transforms Thread 4" [_thread_blocked, id=28132, stack(0x000000b815500000,0x000000b815600000)]
  0x000002a1d7349a40 JavaThread "Cache worker for kotlin-dsl (C:\Users\GOHIL KINJAL\.gradle\caches\8.0.1\kotlin-dsl)" [_thread_blocked, id=23848, stack(0x000000b814800000,0x000000b814900000)]
  0x000002a1d734ae80 JavaThread "jar transforms Thread 5" [_thread_blocked, id=30724, stack(0x000000b815800000,0x000000b815900000)]
  0x000002a1d73471c0 JavaThread "jar transforms Thread 6" [_thread_blocked, id=31932, stack(0x000000b815600000,0x000000b815700000)]
  0x000002a1d734b390 JavaThread "Cache worker for dependencies-accessors (D:\PROJECTS\MySecondDemo\MysecondDemo\android\.gradle\8.0.1\dependencies-accessors)" [_thread_blocked, id=604, stack(0x000000b815700000,0x000000b815800000)]
  0x000002a1d7347be0 JavaThread "Cache worker for Build Output Cleanup Cache (D:\PROJECTS\MySecondDemo\MysecondDemo\node_modules\@react-native\gradle-plugin\.gradle\buildOutputCleanup)" [_thread_blocked, id=33916, stack(0x000000b815a00000,0x000000b815b00000)]
  0x000002a1d734bdb0 JavaThread "jar transforms Thread 7" [_thread_blocked, id=23420, stack(0x000000b815b00000,0x000000b815c00000)]
  0x000002a1d73476d0 JavaThread "Unconstrained build operations" [_thread_blocked, id=31068, stack(0x000000b814a00000,0x000000b814b00000)]
  0x000002a1d734b8a0 JavaThread "Unconstrained build operations Thread 2" [_thread_blocked, id=22072, stack(0x000000b815c00000,0x000000b815d00000)]
  0x000002a1d7348600 JavaThread "Unconstrained build operations Thread 3" [_thread_blocked, id=23768, stack(0x000000b815d00000,0x000000b815e00000)]
  0x000002a1d734d1f0 JavaThread "Unconstrained build operations Thread 4" [_thread_blocked, id=35704, stack(0x000000b815e00000,0x000000b815f00000)]
  0x000002a1d734c2c0 JavaThread "Unconstrained build operations Thread 5" [_thread_blocked, id=41268, stack(0x000000b815f00000,0x000000b816000000)]
  0x000002a1d734c7d0 JavaThread "Unconstrained build operations Thread 6" [_thread_blocked, id=30760, stack(0x000000b816000000,0x000000b816100000)]
  0x000002a1d734d700 JavaThread "Unconstrained build operations Thread 7" [_thread_blocked, id=29544, stack(0x000000b816100000,0x000000b816200000)]
  0x000002a1d734cce0 JavaThread "Unconstrained build operations Thread 8" [_thread_blocked, id=31672, stack(0x000000b816200000,0x000000b816300000)]
  0x000002a1d6ff17f0 JavaThread "Unconstrained build operations Thread 9" [_thread_blocked, id=36936, stack(0x000000b816300000,0x000000b816400000)]
  0x000002a1d81c6a90 JavaThread "Unconstrained build operations Thread 10" [_thread_blocked, id=41164, stack(0x000000b816400000,0x000000b816500000)]
  0x000002a1d81c6fa0 JavaThread "Unconstrained build operations Thread 11" [_thread_blocked, id=13856, stack(0x000000b816500000,0x000000b816600000)]
  0x000002a1d81c7ed0 JavaThread "Unconstrained build operations Thread 12" [_thread_blocked, id=39328, stack(0x000000b816600000,0x000000b816700000)]
  0x000002a1d81c83e0 JavaThread "Unconstrained build operations Thread 13" [_thread_blocked, id=38464, stack(0x000000b816700000,0x000000b816800000)]
  0x000002a1d81c88f0 JavaThread "Unconstrained build operations Thread 14" [_thread_blocked, id=39952, stack(0x000000b816800000,0x000000b816900000)]
  0x000002a1d81c74b0 JavaThread "Unconstrained build operations Thread 15" [_thread_blocked, id=35388, stack(0x000000b816900000,0x000000b816a00000)]
  0x000002a1d81c9310 JavaThread "Unconstrained build operations Thread 16" [_thread_blocked, id=25120, stack(0x000000b816a00000,0x000000b816b00000)]
  0x000002a1d81c8e00 JavaThread "Unconstrained build operations Thread 17" [_thread_blocked, id=20716, stack(0x000000b816b00000,0x000000b816c00000)]
  0x000002a1d81c9820 JavaThread "Unconstrained build operations Thread 18" [_thread_blocked, id=40084, stack(0x000000b816c00000,0x000000b816d00000)]
  0x000002a1d81c6070 JavaThread "Unconstrained build operations Thread 19" [_thread_blocked, id=40136, stack(0x000000b816d00000,0x000000b816e00000)]
  0x000002a1d81c9d30 JavaThread "Unconstrained build operations Thread 20" [_thread_blocked, id=20380, stack(0x000000b816e00000,0x000000b816f00000)]
  0x000002a1d81c6580 JavaThread "Unconstrained build operations Thread 21" [_thread_blocked, id=41660, stack(0x000000b816f00000,0x000000b817000000)]
  0x000002a1d81ca240 JavaThread "Unconstrained build operations Thread 22" [_thread_blocked, id=40476, stack(0x000000b817000000,0x000000b817100000)]
  0x000002a1d81ca750 JavaThread "Unconstrained build operations Thread 23" [_thread_blocked, id=5908, stack(0x000000b817100000,0x000000b817200000)]
  0x000002a1d81cac60 JavaThread "Unconstrained build operations Thread 24" [_thread_blocked, id=6308, stack(0x000000b817200000,0x000000b817300000)]
  0x000002a1d81cb170 JavaThread "Unconstrained build operations Thread 25" [_thread_blocked, id=1084, stack(0x000000b817300000,0x000000b817400000)]
  0x000002a1d81c79c0 JavaThread "Unconstrained build operations Thread 26" [_thread_blocked, id=33008, stack(0x000000b817400000,0x000000b817500000)]
  0x000002a1d81cd4e0 JavaThread "jar transforms Thread 8" [_thread_blocked, id=26368, stack(0x000000b817500000,0x000000b817600000)]
  0x000002a1d81cd9f0 JavaThread "Memory manager" [_thread_blocked, id=20224, stack(0x000000b817600000,0x000000b817700000)]
  0x000002a1d81cc5b0 JavaThread "Cache worker for Build Output Cleanup Cache (D:\PROJECTS\MySecondDemo\MysecondDemo\android\.gradle\buildOutputCleanup)" [_thread_blocked, id=23508, stack(0x000000b817800000,0x000000b817900000)]
  0x000002a1d9d8e150 JavaThread "Execution worker" [_thread_blocked, id=2040, stack(0x000000b817900000,0x000000b817a00000)]
  0x000002a1d9d8f590 JavaThread "Execution worker Thread 2" [_thread_blocked, id=24844, stack(0x000000b817a00000,0x000000b817b00000)]
  0x000002a1d9d8e660 JavaThread "Execution worker Thread 3" [_thread_blocked, id=29888, stack(0x000000b817b00000,0x000000b817c00000)]
  0x000002a1d9d8eb70 JavaThread "Execution worker Thread 4" [_thread_blocked, id=19596, stack(0x000000b817c00000,0x000000b817d00000)]
  0x000002a1d9d8faa0 JavaThread "Execution worker Thread 5" [_thread_blocked, id=29324, stack(0x000000b817d00000,0x000000b817e00000)]
  0x000002a1d9d8d220 JavaThread "Execution worker Thread 6" [_thread_blocked, id=29980, stack(0x000000b817e00000,0x000000b817f00000)]
  0x000002a1d9d8ffb0 JavaThread "Execution worker Thread 7" [_thread_blocked, id=31352, stack(0x000000b817f00000,0x000000b818000000)]
  0x000002a1d9d8f080 JavaThread "Cache worker for execution history cache (D:\PROJECTS\MySecondDemo\MysecondDemo\node_modules\@react-native\gradle-plugin\.gradle\8.0.1\executionHistory)" [_thread_blocked, id=16012, stack(0x000000b818000000,0x000000b818100000)]
  0x000002a1d9d8c800 JavaThread "Unconstrained build operations Thread 27" [_thread_blocked, id=34508, stack(0x000000b818100000,0x000000b818200000)]
  0x000002a1d9d8d730 JavaThread "Unconstrained build operations Thread 28" [_thread_blocked, id=41240, stack(0x000000b818200000,0x000000b818300000)]
  0x000002a1d9d8dc40 JavaThread "Unconstrained build operations Thread 29" [_thread_blocked, id=22380, stack(0x000000b818300000,0x000000b818400000)]
  0x000002a1d8128820 JavaThread "Unconstrained build operations Thread 30" [_thread_blocked, id=36988, stack(0x000000b818400000,0x000000b818500000)]
  0x000002a1d8128d30 JavaThread "Unconstrained build operations Thread 31" [_thread_blocked, id=18188, stack(0x000000b818500000,0x000000b818600000)]
  0x000002a1d8127e00 JavaThread "Unconstrained build operations Thread 32" [_thread_blocked, id=1904, stack(0x000000b818600000,0x000000b818700000)]
  0x000002a1d81273e0 JavaThread "Unconstrained build operations Thread 33" [_thread_blocked, id=26556, stack(0x000000b818700000,0x000000b818800000)]
  0x000002a1d8129240 JavaThread "Unconstrained build operations Thread 34" [_thread_blocked, id=24320, stack(0x000000b818800000,0x000000b818900000)]
  0x000002a1d8128310 JavaThread "Unconstrained build operations Thread 35" [_thread_blocked, id=9832, stack(0x000000b818900000,0x000000b818a00000)]
  0x000002a1d8126ed0 JavaThread "Unconstrained build operations Thread 36" [_thread_blocked, id=17704, stack(0x000000b818a00000,0x000000b818b00000)]
  0x000002a1d81278f0 JavaThread "Unconstrained build operations Thread 37" [_thread_blocked, id=22784, stack(0x000000b818b00000,0x000000b818c00000)]
  0x000002a1d8129750 JavaThread "Unconstrained build operations Thread 38" [_thread_blocked, id=24208, stack(0x000000b818c00000,0x000000b818d00000)]
  0x000002a1d812a170 JavaThread "Unconstrained build operations Thread 39" [_thread_blocked, id=36868, stack(0x000000b818d00000,0x000000b818e00000)]
  0x000002a1d81269c0 JavaThread "Unconstrained build operations Thread 40" [_thread_blocked, id=23824, stack(0x000000b818e00000,0x000000b818f00000)]
  0x000002a1d812bac0 JavaThread "Unconstrained build operations Thread 41" [_thread_blocked, id=37084, stack(0x000000b818f00000,0x000000b819000000)]
  0x000002a1d812ab90 JavaThread "Unconstrained build operations Thread 42" [_thread_blocked, id=32912, stack(0x000000b819000000,0x000000b819100000)]
  0x000002a1d812a680 JavaThread "Unconstrained build operations Thread 43" [_thread_blocked, id=30360, stack(0x000000b819100000,0x000000b819200000)]
  0x000002a1d812bfd0 JavaThread "Unconstrained build operations Thread 44" [_thread_blocked, id=38268, stack(0x000000b819200000,0x000000b819300000)]
  0x000002a1d812b0a0 JavaThread "Unconstrained build operations Thread 45" [_thread_blocked, id=41404, stack(0x000000b819300000,0x000000b819400000)]
  0x000002a1d812b5b0 JavaThread "Unconstrained build operations Thread 46" [_thread_blocked, id=38528, stack(0x000000b819400000,0x000000b819500000)]
  0x000002a1d812cf00 JavaThread "Unconstrained build operations Thread 47" [_thread_blocked, id=41256, stack(0x000000b819500000,0x000000b819600000)]
  0x000002a1d812c9f0 JavaThread "Unconstrained build operations Thread 48" [_thread_blocked, id=28940, stack(0x000000b819600000,0x000000b819700000)]
  0x000002a1d812c4e0 JavaThread "Unconstrained build operations Thread 49" [_thread_blocked, id=22884, stack(0x000000b819700000,0x000000b819800000)]
  0x000002a1d8129c60 JavaThread "Unconstrained build operations Thread 50" [_thread_blocked, id=21940, stack(0x000000b819800000,0x000000b819900000)]
  0x000002a1d812d410 JavaThread "Unconstrained build operations Thread 51" [_thread_blocked, id=38056, stack(0x000000b819900000,0x000000b819a00000)]
  0x000002a1d812d920 JavaThread "File lock release action executor Thread 7" [_thread_blocked, id=20696, stack(0x000000b819a00000,0x000000b819b00000)]
  0x000002a1d812e340 JavaThread "Unconstrained build operations Thread 52" [_thread_blocked, id=35064, stack(0x000000b819c00000,0x000000b819d00000)]
  0x000002a1d7e28b80 JavaThread "Unconstrained build operations Thread 53" [_thread_blocked, id=32100, stack(0x000000b819d00000,0x000000b819e00000)]
  0x000002a1d7e27c50 JavaThread "Unconstrained build operations Thread 54" [_thread_blocked, id=29728, stack(0x000000b819e00000,0x000000b819f00000)]
  0x000002a1d7e28160 JavaThread "Unconstrained build operations Thread 55" [_thread_blocked, id=41884, stack(0x000000b819f00000,0x000000b81a000000)]
  0x000002a1d7e26d20 JavaThread "Unconstrained build operations Thread 56" [_thread_blocked, id=2888, stack(0x000000b81a000000,0x000000b81a100000)]
  0x000002a1d7e26300 JavaThread "Unconstrained build operations Thread 57" [_thread_blocked, id=19848, stack(0x000000b81a100000,0x000000b81a200000)]
  0x000002a1d7e27230 JavaThread "Unconstrained build operations Thread 58" [_thread_blocked, id=12244, stack(0x000000b81a200000,0x000000b81a300000)]
  0x000002a1d7e27740 JavaThread "Unconstrained build operations Thread 59" [_thread_blocked, id=16224, stack(0x000000b81a300000,0x000000b81a400000)]
  0x000002a1d7e26810 JavaThread "Unconstrained build operations Thread 60" [_thread_blocked, id=24592, stack(0x000000b81a400000,0x000000b81a500000)]
  0x000002a1d7e25df0 JavaThread "Unconstrained build operations Thread 61" [_thread_blocked, id=31512, stack(0x000000b81a500000,0x000000b81a600000)]
  0x000002a1d7e29090 JavaThread "Unconstrained build operations Thread 62" [_thread_blocked, id=29632, stack(0x000000b81a600000,0x000000b81a700000)]
  0x000002a1d7e28670 JavaThread "Unconstrained build operations Thread 63" [_thread_blocked, id=31908, stack(0x000000b81a700000,0x000000b81a800000)]
  0x000002a1d7e295a0 JavaThread "Unconstrained build operations Thread 64" [_thread_blocked, id=27048, stack(0x000000b81a800000,0x000000b81a900000)]
  0x000002a1d7f5c530 JavaThread "Unconstrained build operations Thread 65" [_thread_blocked, id=13988, stack(0x000000b81a900000,0x000000b81aa00000)]
  0x000002a1d7f5ca40 JavaThread "Unconstrained build operations Thread 66" [_thread_blocked, id=23668, stack(0x000000b81aa00000,0x000000b81ab00000)]
  0x000002a1d7f5edb0 JavaThread "Unconstrained build operations Thread 67" [_thread_blocked, id=24100, stack(0x000000b81ab00000,0x000000b81ac00000)]
  0x000002a1d7f5e8a0 JavaThread "Unconstrained build operations Thread 68" [_thread_blocked, id=11024, stack(0x000000b81ac00000,0x000000b81ad00000)]
  0x000002a1d7f5c020 JavaThread "Unconstrained build operations Thread 69" [_thread_blocked, id=29044, stack(0x000000b81ad00000,0x000000b81ae00000)]
  0x000002a1d7f5f2c0 JavaThread "Unconstrained build operations Thread 70" [_thread_blocked, id=20488, stack(0x000000b81ae00000,0x000000b81af00000)]
  0x000002a1d7f5f7d0 JavaThread "Unconstrained build operations Thread 71" [_thread_blocked, id=32608, stack(0x000000b81af00000,0x000000b81b000000)]
  0x000002a1d7f601f0 JavaThread "Unconstrained build operations Thread 72" [_thread_blocked, id=24164, stack(0x000000b81b000000,0x000000b81b100000)]
  0x000002a1d7f5fce0 JavaThread "Unconstrained build operations Thread 73" [_thread_blocked, id=12868, stack(0x000000b81b100000,0x000000b81b200000)]
  0x000002a1d7f60700 JavaThread "Unconstrained build operations Thread 74" [_thread_blocked, id=25884, stack(0x000000b81b200000,0x000000b81b300000)]
  0x000002a1d7f5e390 JavaThread "Unconstrained build operations Thread 75" [_thread_blocked, id=21024, stack(0x000000b81b300000,0x000000b81b400000)]
  0x000002a1d7f5cf50 JavaThread "Unconstrained build operations Thread 76" [_thread_blocked, id=2492, stack(0x000000b81b400000,0x000000b81b500000)]
  0x000002a1d7f60c10 JavaThread "Unconstrained build operations Thread 77" [_thread_blocked, id=19748, stack(0x000000b81b500000,0x000000b81b600000)]
  0x000002a1d7f5de80 JavaThread "Unconstrained build operations Thread 78" [_thread_blocked, id=26852, stack(0x000000b81b600000,0x000000b81b700000)]
  0x000002a1d7f5d460 JavaThread "Unconstrained build operations Thread 79" [_thread_blocked, id=18428, stack(0x000000b81b700000,0x000000b81b800000)]
  0x000002a1d7f61120 JavaThread "Unconstrained build operations Thread 80" [_thread_blocked, id=24328, stack(0x000000b81b800000,0x000000b81b900000)]

Other Threads:
=>0x000002a1b6f26d70 VMThread "VM Thread" [stack: 0x000000b812a00000,0x000000b812b00000] [id=2864]
  0x000002a1d61ff9c0 WatcherThread [stack: 0x000000b813600000,0x000000b813700000] [id=20636]
  0x000002a198dc7890 GCTaskThread "GC Thread#0" [stack: 0x000000b812500000,0x000000b812600000] [id=23920]
  0x000002a1d6b904f0 GCTaskThread "GC Thread#1" [stack: 0x000000b813700000,0x000000b813800000] [id=25660]
  0x000002a1d664d960 GCTaskThread "GC Thread#2" [stack: 0x000000b813800000,0x000000b813900000] [id=25072]
  0x000002a1d7113c40 GCTaskThread "GC Thread#3" [stack: 0x000000b813900000,0x000000b813a00000] [id=21948]
  0x000002a1d72eb0d0 GCTaskThread "GC Thread#4" [stack: 0x000000b813a00000,0x000000b813b00000] [id=40948]
  0x000002a1d6e81ae0 GCTaskThread "GC Thread#5" [stack: 0x000000b814b00000,0x000000b814c00000] [id=26768]
  0x000002a1d6bad480 GCTaskThread "GC Thread#6" [stack: 0x000000b814c00000,0x000000b814d00000] [id=35472]
  0x000002a1d6bad740 GCTaskThread "GC Thread#7" [stack: 0x000000b814d00000,0x000000b814e00000] [id=35092]
  0x000002a198dd86f0 ConcurrentGCThread "G1 Main Marker" [stack: 0x000000b812600000,0x000000b812700000] [id=23868]
  0x000002a198dd9010 ConcurrentGCThread "G1 Conc#0" [stack: 0x000000b812700000,0x000000b812800000] [id=26632]
  0x000002a1d7da7670 ConcurrentGCThread "G1 Conc#1" [stack: 0x000000b814f00000,0x000000b815000000] [id=30788]
  0x000002a1b6de20b0 ConcurrentGCThread "G1 Refine#0" [stack: 0x000000b812800000,0x000000b812900000] [id=26032]
  0x000002a1d9836950 ConcurrentGCThread "G1 Refine#1" [stack: 0x000000b819b00000,0x000000b819c00000] [id=37492]
  0x000002a1d9834bf0 ConcurrentGCThread "G1 Refine#2" [stack: 0x000000b815900000,0x000000b815a00000] [id=22104]
  0x000002a1b6de29f0 ConcurrentGCThread "G1 Service" [stack: 0x000000b812900000,0x000000b812a00000] [id=18356]

Threads with active compile tasks:

VM state: at safepoint (normal execution)

VM Mutex/Monitor currently owned by a thread:  ([mutex/lock_event])
[0x000002a198d687e0] Threads_lock - owner thread: 0x000002a1b6f26d70
[0x000002a198d67160] Heap_lock - owner thread: 0x000002a1d6fef990

Heap address: 0x0000000080000000, size: 2048 MB, Compressed Oops mode: 32-bit

CDS archive(s) mapped at: [0x000002a1b7000000-0x000002a1b7bd0000-0x000002a1b7bd0000), size 12386304, SharedBaseAddress: 0x000002a1b7000000, ArchiveRelocationMode: 1.
Compressed class space mapped at: 0x000002a1b8000000-0x000002a1d2000000, reserved size: 436207616
Narrow klass base: 0x000002a1b7000000, Narrow klass shift: 0, Narrow klass range: 0x100000000

GC Precious Log:
 CPUs: 8 total, 8 available
 Memory: 7502M
 Large Page Support: Disabled
 NUMA Support: Disabled
 Compressed Oops: Enabled (32-bit)
 Heap Region Size: 1M
 Heap Min Capacity: 8M
 Heap Initial Capacity: 118M
 Heap Max Capacity: 2G
 Pre-touch: Disabled
 Parallel Workers: 8
 Concurrent Workers: 2
 Concurrent Refinement Workers: 8
 Periodic GC: Disabled

Heap:
 garbage-first heap   total 171008K, used 90064K [0x0000000080000000, 0x0000000100000000)
  region size 1024K, 4 young (4096K), 4 survivors (4096K)
 Metaspace       used 73949K, committed 74688K, reserved 491520K
  class space    used 9956K, committed 10304K, reserved 425984K

Heap Regions: E=young(eden), S=young(survivor), O=old, HS=humongous(starts), HC=humongous(continues), CS=collection set, F=free, OA=open archive, CA=closed archive, TAMS=top-at-mark-start (previous, next)
|   0|0x0000000080000000, 0x0000000080100000, 0x0000000080100000|100%|HS|  |TAMS 0x0000000080100000, 0x0000000080000000| Complete 
|   1|0x0000000080100000, 0x0000000080200000, 0x0000000080200000|100%|HC|  |TAMS 0x0000000080200000, 0x0000000080100000| Complete 
|   2|0x0000000080200000, 0x0000000080300000, 0x0000000080300000|100%|HC|  |TAMS 0x0000000080300000, 0x0000000080200000| Complete 
|   3|0x0000000080300000, 0x0000000080400000, 0x0000000080400000|100%|HC|  |TAMS 0x0000000080400000, 0x0000000080300000| Complete 
|   4|0x0000000080400000, 0x0000000080500000, 0x0000000080500000|100%| O|  |TAMS 0x0000000080500000, 0x0000000080400000| Untracked 
|   5|0x0000000080500000, 0x0000000080600000, 0x0000000080600000|100%| O|  |TAMS 0x0000000080600000, 0x0000000080500000| Untracked 
|   6|0x0000000080600000, 0x0000000080700000, 0x0000000080700000|100%| O|  |TAMS 0x0000000080700000, 0x0000000080600000| Untracked 
|   7|0x0000000080700000, 0x0000000080800000, 0x0000000080800000|100%| O|  |TAMS 0x0000000080800000, 0x0000000080700000| Untracked 
|   8|0x0000000080800000, 0x0000000080900000, 0x0000000080900000|100%| O|  |TAMS 0x0000000080900000, 0x0000000080800000| Untracked 
|   9|0x0000000080900000, 0x0000000080a00000, 0x0000000080a00000|100%| O|  |TAMS 0x0000000080a00000, 0x0000000080900000| Untracked 
|  10|0x0000000080a00000, 0x0000000080b00000, 0x0000000080b00000|100%| O|  |TAMS 0x0000000080b00000, 0x0000000080a00000| Untracked 
|  11|0x0000000080b00000, 0x0000000080c00000, 0x0000000080c00000|100%| O|  |TAMS 0x0000000080c00000, 0x0000000080b00000| Untracked 
|  12|0x0000000080c00000, 0x0000000080d00000, 0x0000000080d00000|100%| O|  |TAMS 0x0000000080d00000, 0x0000000080c00000| Untracked 
|  13|0x0000000080d00000, 0x0000000080e00000, 0x0000000080e00000|100%| O|  |TAMS 0x0000000080e00000, 0x0000000080d00000| Untracked 
|  14|0x0000000080e00000, 0x0000000080f00000, 0x0000000080f00000|100%| O|  |TAMS 0x0000000080f00000, 0x0000000080e00000| Untracked 
|  15|0x0000000080f00000, 0x0000000081000000, 0x0000000081000000|100%| O|  |TAMS 0x0000000081000000, 0x0000000080f00000| Untracked 
|  16|0x0000000081000000, 0x0000000081100000, 0x0000000081100000|100%| O|  |TAMS 0x0000000081100000, 0x0000000081000000| Untracked 
|  17|0x0000000081100000, 0x0000000081200000, 0x0000000081200000|100%| O|  |TAMS 0x0000000081200000, 0x0000000081100000| Untracked 
|  18|0x0000000081200000, 0x0000000081300000, 0x0000000081300000|100%| O|  |TAMS 0x0000000081300000, 0x0000000081200000| Untracked 
|  19|0x0000000081300000, 0x0000000081400000, 0x0000000081400000|100%| O|  |TAMS 0x0000000081400000, 0x0000000081300000| Untracked 
|  20|0x0000000081400000, 0x0000000081500000, 0x0000000081500000|100%|HS|  |TAMS 0x0000000081500000, 0x0000000081400000| Complete 
|  21|0x0000000081500000, 0x0000000081600000, 0x0000000081600000|100%| O|  |TAMS 0x0000000081600000, 0x0000000081500000| Untracked 
|  22|0x0000000081600000, 0x0000000081700000, 0x0000000081700000|100%| O|  |TAMS 0x0000000081700000, 0x0000000081600000| Untracked 
|  23|0x0000000081700000, 0x0000000081800000, 0x0000000081800000|100%| O|  |TAMS 0x0000000081800000, 0x0000000081700000| Untracked 
|  24|0x0000000081800000, 0x0000000081900000, 0x0000000081900000|100%| O|  |TAMS 0x0000000081900000, 0x0000000081800000| Untracked 
|  25|0x0000000081900000, 0x0000000081a00000, 0x0000000081a00000|100%| O|  |TAMS 0x0000000081a00000, 0x0000000081900000| Untracked 
|  26|0x0000000081a00000, 0x0000000081b00000, 0x0000000081b00000|100%| O|  |TAMS 0x0000000081b00000, 0x0000000081a00000| Untracked 
|  27|0x0000000081b00000, 0x0000000081c00000, 0x0000000081c00000|100%| O|  |TAMS 0x0000000081c00000, 0x0000000081b00000| Untracked 
|  28|0x0000000081c00000, 0x0000000081d00000, 0x0000000081d00000|100%| O|  |TAMS 0x0000000081d00000, 0x0000000081c00000| Untracked 
|  29|0x0000000081d00000, 0x0000000081e00000, 0x0000000081e00000|100%| O|  |TAMS 0x0000000081e00000, 0x0000000081d00000| Untracked 
|  30|0x0000000081e00000, 0x0000000081f00000, 0x0000000081f00000|100%| O|  |TAMS 0x0000000081f00000, 0x0000000081e00000| Untracked 
|  31|0x0000000081f00000, 0x0000000082000000, 0x0000000082000000|100%|HS|  |TAMS 0x0000000082000000, 0x0000000081f00000| Complete 
|  32|0x0000000082000000, 0x0000000082100000, 0x0000000082100000|100%|HC|  |TAMS 0x0000000082100000, 0x0000000082000000| Complete 
|  33|0x0000000082100000, 0x0000000082200000, 0x0000000082200000|100%| O|  |TAMS 0x0000000082200000, 0x0000000082100000| Untracked 
|  34|0x0000000082200000, 0x0000000082300000, 0x0000000082300000|100%| O|  |TAMS 0x0000000082300000, 0x0000000082200000| Untracked 
|  35|0x0000000082300000, 0x0000000082400000, 0x0000000082400000|100%| O|  |TAMS 0x0000000082400000, 0x0000000082300000| Untracked 
|  36|0x0000000082400000, 0x0000000082500000, 0x0000000082500000|100%| O|  |TAMS 0x0000000082500000, 0x0000000082400000| Untracked 
|  37|0x0000000082500000, 0x0000000082600000, 0x0000000082600000|100%|HS|  |TAMS 0x0000000082600000, 0x0000000082500000| Complete 
|  38|0x0000000082600000, 0x0000000082700000, 0x0000000082700000|100%|HC|  |TAMS 0x0000000082700000, 0x0000000082600000| Complete 
|  39|0x0000000082700000, 0x0000000082800000, 0x0000000082800000|100%|HC|  |TAMS 0x0000000082800000, 0x0000000082700000| Complete 
|  40|0x0000000082800000, 0x0000000082900000, 0x0000000082900000|100%|HC|  |TAMS 0x0000000082900000, 0x0000000082800000| Complete 
|  41|0x0000000082900000, 0x0000000082a00000, 0x0000000082a00000|100%| O|  |TAMS 0x0000000082a00000, 0x0000000082900000| Untracked 
|  42|0x0000000082a00000, 0x0000000082b00000, 0x0000000082b00000|100%| O|  |TAMS 0x0000000082b00000, 0x0000000082a00000| Untracked 
|  43|0x0000000082b00000, 0x0000000082c00000, 0x0000000082c00000|100%| O|  |TAMS 0x0000000082c00000, 0x0000000082b00000| Untracked 
|  44|0x0000000082c00000, 0x0000000082d00000, 0x0000000082d00000|100%| O|  |TAMS 0x0000000082d00000, 0x0000000082c00000| Untracked 
|  45|0x0000000082d00000, 0x0000000082e00000, 0x0000000082e00000|100%| O|  |TAMS 0x0000000082e00000, 0x0000000082d00000| Untracked 
|  46|0x0000000082e00000, 0x0000000082f00000, 0x0000000082f00000|100%| O|  |TAMS 0x0000000082f00000, 0x0000000082e00000| Untracked 
|  47|0x0000000082f00000, 0x0000000083000000, 0x0000000083000000|100%| O|  |TAMS 0x0000000083000000, 0x0000000082f00000| Untracked 
|  48|0x0000000083000000, 0x0000000083100000, 0x0000000083100000|100%| O|  |TAMS 0x0000000083100000, 0x0000000083000000| Untracked 
|  49|0x0000000083100000, 0x0000000083200000, 0x0000000083200000|100%| O|  |TAMS 0x0000000083200000, 0x0000000083100000| Untracked 
|  50|0x0000000083200000, 0x0000000083300000, 0x0000000083300000|100%| O|  |TAMS 0x0000000083300000, 0x0000000083200000| Untracked 
|  51|0x0000000083300000, 0x0000000083400000, 0x0000000083400000|100%| O|  |TAMS 0x0000000083400000, 0x0000000083300000| Untracked 
|  52|0x0000000083400000, 0x0000000083500000, 0x0000000083500000|100%| O|  |TAMS 0x0000000083500000, 0x0000000083400000| Untracked 
|  53|0x0000000083500000, 0x0000000083600000, 0x0000000083600000|100%| O|  |TAMS 0x0000000083600000, 0x0000000083500000| Untracked 
|  54|0x0000000083600000, 0x0000000083700000, 0x0000000083700000|100%| O|  |TAMS 0x0000000083700000, 0x0000000083600000| Untracked 
|  55|0x0000000083700000, 0x0000000083800000, 0x0000000083800000|100%| O|  |TAMS 0x0000000083800000, 0x0000000083700000| Untracked 
|  56|0x0000000083800000, 0x0000000083900000, 0x0000000083900000|100%| O|  |TAMS 0x0000000083900000, 0x0000000083800000| Untracked 
|  57|0x0000000083900000, 0x0000000083a00000, 0x0000000083a00000|100%| O|  |TAMS 0x0000000083a00000, 0x0000000083900000| Untracked 
|  58|0x0000000083a00000, 0x0000000083b00000, 0x0000000083b00000|100%| O|  |TAMS 0x0000000083b00000, 0x0000000083a00000| Untracked 
|  59|0x0000000083b00000, 0x0000000083c00000, 0x0000000083c00000|100%| O|  |TAMS 0x0000000083c00000, 0x0000000083b00000| Untracked 
|  60|0x0000000083c00000, 0x0000000083d00000, 0x0000000083d00000|100%| O|  |TAMS 0x0000000083d00000, 0x0000000083c00000| Complete 
|  61|0x0000000083d00000, 0x0000000083e00000, 0x0000000083e00000|100%|HS|  |TAMS 0x0000000083e00000, 0x0000000083d00000| Complete 
|  62|0x0000000083e00000, 0x0000000083f00000, 0x0000000083f00000|100%|HC|  |TAMS 0x0000000083f00000, 0x0000000083e00000| Complete 
|  63|0x0000000083f00000, 0x0000000084000000, 0x0000000084000000|100%|HS|  |TAMS 0x0000000084000000, 0x0000000083f00000| Complete 
|  64|0x0000000084000000, 0x0000000084100000, 0x0000000084100000|100%|HS|  |TAMS 0x0000000084100000, 0x0000000084000000| Complete 
|  65|0x0000000084100000, 0x0000000084200000, 0x0000000084200000|100%|HC|  |TAMS 0x0000000084200000, 0x0000000084100000| Complete 
|  66|0x0000000084200000, 0x0000000084300000, 0x0000000084300000|100%|HC|  |TAMS 0x0000000084300000, 0x0000000084200000| Complete 
|  67|0x0000000084300000, 0x0000000084400000, 0x0000000084400000|100%|HC|  |TAMS 0x0000000084400000, 0x0000000084300000| Complete 
|  68|0x0000000084400000, 0x0000000084500000, 0x0000000084500000|100%| O|  |TAMS 0x0000000084400000, 0x0000000084400000| Untracked 
|  69|0x0000000084500000, 0x0000000084600000, 0x0000000084600000|100%|HS|  |TAMS 0x0000000084600000, 0x0000000084500000| Untracked 
|  70|0x0000000084600000, 0x0000000084700000, 0x0000000084700000|100%| O|  |TAMS 0x0000000084600000, 0x0000000084600000| Untracked 
|  71|0x0000000084700000, 0x0000000084800000, 0x0000000084800000|100%|HS|  |TAMS 0x0000000084800000, 0x0000000084700000| Complete 
|  72|0x0000000084800000, 0x0000000084900000, 0x0000000084900000|100%|HS|  |TAMS 0x0000000084900000, 0x0000000084800000| Complete 
|  73|0x0000000084900000, 0x0000000084900000, 0x0000000084a00000|  0%| F|  |TAMS 0x0000000084900000, 0x0000000084900000| Untracked 
|  74|0x0000000084a00000, 0x0000000084b00000, 0x0000000084b00000|100%| O|  |TAMS 0x0000000084b00000, 0x0000000084a00000| Untracked 
|  75|0x0000000084b00000, 0x0000000084c00000, 0x0000000084c00000|100%| O|  |TAMS 0x0000000084c00000, 0x0000000084b00000| Untracked 
|  76|0x0000000084c00000, 0x0000000084d00000, 0x0000000084d00000|100%| O|  |TAMS 0x0000000084d00000, 0x0000000084c00000| Untracked 
|  77|0x0000000084d00000, 0x0000000084e00000, 0x0000000084e00000|100%| O|  |TAMS 0x0000000084d68400, 0x0000000084d00000| Untracked 
|  78|0x0000000084e00000, 0x0000000084f00000, 0x0000000084f00000|100%| O|  |TAMS 0x0000000084e00000, 0x0000000084e00000| Untracked 
|  79|0x0000000084f00000, 0x0000000085000000, 0x0000000085000000|100%| O|  |TAMS 0x0000000084f00000, 0x0000000084f00000| Untracked 
|  80|0x0000000085000000, 0x0000000085100000, 0x0000000085100000|100%| O|  |TAMS 0x0000000085000000, 0x0000000085000000| Untracked 
|  81|0x0000000085100000, 0x0000000085200000, 0x0000000085200000|100%| O|  |TAMS 0x0000000085100000, 0x0000000085100000| Untracked 
|  82|0x0000000085200000, 0x0000000085300000, 0x0000000085300000|100%| O|  |TAMS 0x0000000085200000, 0x0000000085200000| Untracked 
|  83|0x0000000085300000, 0x0000000085400000, 0x0000000085400000|100%| O|  |TAMS 0x0000000085300000, 0x0000000085300000| Untracked 
|  84|0x0000000085400000, 0x000000008543a400, 0x0000000085500000| 22%| O|  |TAMS 0x0000000085400000, 0x0000000085400000| Untracked 
|  85|0x0000000085500000, 0x0000000085600000, 0x0000000085600000|100%|HS|  |TAMS 0x0000000085500000, 0x0000000085500000| Complete 
|  86|0x0000000085600000, 0x0000000085600000, 0x0000000085700000|  0%| F|  |TAMS 0x0000000085600000, 0x0000000085600000| Untracked 
|  87|0x0000000085700000, 0x0000000085700000, 0x0000000085800000|  0%| F|  |TAMS 0x0000000085700000, 0x0000000085700000| Untracked 
|  88|0x0000000085800000, 0x0000000085800000, 0x0000000085900000|  0%| F|  |TAMS 0x0000000085800000, 0x0000000085800000| Untracked 
|  89|0x0000000085900000, 0x0000000085900000, 0x0000000085a00000|  0%| F|  |TAMS 0x0000000085900000, 0x0000000085900000| Untracked 
|  90|0x0000000085a00000, 0x0000000085a00000, 0x0000000085b00000|  0%| F|  |TAMS 0x0000000085a00000, 0x0000000085a00000| Untracked 
|  91|0x0000000085b00000, 0x0000000085b00000, 0x0000000085c00000|  0%| F|  |TAMS 0x0000000085b00000, 0x0000000085b00000| Untracked 
|  92|0x0000000085c00000, 0x0000000085c00000, 0x0000000085d00000|  0%| F|  |TAMS 0x0000000085c00000, 0x0000000085c00000| Untracked 
|  93|0x0000000085d00000, 0x0000000085d00000, 0x0000000085e00000|  0%| F|  |TAMS 0x0000000085d00000, 0x0000000085d00000| Untracked 
|  94|0x0000000085e00000, 0x0000000085e00000, 0x0000000085f00000|  0%| F|  |TAMS 0x0000000085e00000, 0x0000000085e00000| Untracked 
|  95|0x0000000085f00000, 0x0000000085f00000, 0x0000000086000000|  0%| F|  |TAMS 0x0000000085f00000, 0x0000000085f00000| Untracked 
|  96|0x0000000086000000, 0x0000000086000000, 0x0000000086100000|  0%| F|  |TAMS 0x0000000086000000, 0x0000000086000000| Untracked 
|  97|0x0000000086100000, 0x0000000086100000, 0x0000000086200000|  0%| F|  |TAMS 0x0000000086100000, 0x0000000086100000| Untracked 
|  98|0x0000000086200000, 0x0000000086200000, 0x0000000086300000|  0%| F|  |TAMS 0x0000000086200000, 0x0000000086200000| Untracked 
|  99|0x0000000086300000, 0x0000000086300000, 0x0000000086400000|  0%| F|  |TAMS 0x0000000086300000, 0x0000000086300000| Untracked 
| 100|0x0000000086400000, 0x0000000086400000, 0x0000000086500000|  0%| F|  |TAMS 0x0000000086400000, 0x0000000086400000| Untracked 
| 101|0x0000000086500000, 0x0000000086500000, 0x0000000086600000|  0%| F|  |TAMS 0x0000000086500000, 0x0000000086500000| Untracked 
| 102|0x0000000086600000, 0x0000000086600000, 0x0000000086700000|  0%| F|  |TAMS 0x0000000086600000, 0x0000000086600000| Untracked 
| 103|0x0000000086700000, 0x0000000086700000, 0x0000000086800000|  0%| F|  |TAMS 0x0000000086700000, 0x0000000086700000| Untracked 
| 104|0x0000000086800000, 0x0000000086800000, 0x0000000086900000|  0%| F|  |TAMS 0x0000000086800000, 0x0000000086800000| Untracked 
| 105|0x0000000086900000, 0x0000000086900000, 0x0000000086a00000|  0%| F|  |TAMS 0x0000000086900000, 0x0000000086900000| Untracked 
| 106|0x0000000086a00000, 0x0000000086a00000, 0x0000000086b00000|  0%| F|  |TAMS 0x0000000086a00000, 0x0000000086a00000| Untracked 
| 107|0x0000000086b00000, 0x0000000086b00000, 0x0000000086c00000|  0%| F|  |TAMS 0x0000000086b00000, 0x0000000086b00000| Untracked 
| 108|0x0000000086c00000, 0x0000000086c00000, 0x0000000086d00000|  0%| F|  |TAMS 0x0000000086c00000, 0x0000000086c00000| Untracked 
| 109|0x0000000086d00000, 0x0000000086d00000, 0x0000000086e00000|  0%| F|  |TAMS 0x0000000086d00000, 0x0000000086d00000| Untracked 
| 110|0x0000000086e00000, 0x0000000086e00000, 0x0000000086f00000|  0%| F|  |TAMS 0x0000000086e00000, 0x0000000086e00000| Untracked 
| 111|0x0000000086f00000, 0x0000000086f00000, 0x0000000087000000|  0%| F|  |TAMS 0x0000000086f00000, 0x0000000086f00000| Untracked 
| 112|0x0000000087000000, 0x0000000087000000, 0x0000000087100000|  0%| F|  |TAMS 0x0000000087000000, 0x0000000087000000| Untracked 
| 113|0x0000000087100000, 0x0000000087100000, 0x0000000087200000|  0%| F|  |TAMS 0x0000000087100000, 0x0000000087100000| Untracked 
| 114|0x0000000087200000, 0x0000000087200000, 0x0000000087300000|  0%| F|  |TAMS 0x0000000087200000, 0x0000000087200000| Untracked 
| 115|0x0000000087300000, 0x0000000087300000, 0x0000000087400000|  0%| F|  |TAMS 0x0000000087300000, 0x0000000087300000| Untracked 
| 116|0x0000000087400000, 0x0000000087400000, 0x0000000087500000|  0%| F|  |TAMS 0x0000000087400000, 0x0000000087400000| Untracked 
| 117|0x0000000087500000, 0x00000000875b9dc8, 0x0000000087600000| 72%| S|CS|TAMS 0x0000000087500000, 0x0000000087500000| Complete 
| 118|0x0000000087600000, 0x0000000087700000, 0x0000000087700000|100%| S|CS|TAMS 0x0000000087600000, 0x0000000087600000| Complete 
| 119|0x0000000087700000, 0x0000000087800000, 0x0000000087800000|100%| S|CS|TAMS 0x0000000087700000, 0x0000000087700000| Complete 
| 120|0x0000000087800000, 0x0000000087900000, 0x0000000087900000|100%| S|CS|TAMS 0x0000000087800000, 0x0000000087800000| Complete 
| 121|0x0000000087900000, 0x0000000087900000, 0x0000000087a00000|  0%| F|  |TAMS 0x0000000087900000, 0x0000000087900000| Untracked 
| 122|0x0000000087a00000, 0x0000000087a00000, 0x0000000087b00000|  0%| F|  |TAMS 0x0000000087a00000, 0x0000000087a00000| Untracked 
| 123|0x0000000087b00000, 0x0000000087b00000, 0x0000000087c00000|  0%| F|  |TAMS 0x0000000087b00000, 0x0000000087b00000| Untracked 
| 124|0x0000000087c00000, 0x0000000087c00000, 0x0000000087d00000|  0%| F|  |TAMS 0x0000000087c00000, 0x0000000087c00000| Untracked 
| 125|0x0000000087d00000, 0x0000000087d00000, 0x0000000087e00000|  0%| F|  |TAMS 0x0000000087d00000, 0x0000000087d00000| Untracked 
| 126|0x0000000087e00000, 0x0000000087e00000, 0x0000000087f00000|  0%| F|  |TAMS 0x0000000087e00000, 0x0000000087e00000| Untracked 
| 127|0x0000000087f00000, 0x0000000087f00000, 0x0000000088000000|  0%| F|  |TAMS 0x0000000087f00000, 0x0000000087f00000| Untracked 
| 128|0x0000000088000000, 0x0000000088000000, 0x0000000088100000|  0%| F|  |TAMS 0x0000000088000000, 0x0000000088000000| Untracked 
| 129|0x0000000088100000, 0x0000000088100000, 0x0000000088200000|  0%| F|  |TAMS 0x0000000088100000, 0x0000000088100000| Untracked 
| 130|0x0000000088200000, 0x0000000088200000, 0x0000000088300000|  0%| F|  |TAMS 0x0000000088200000, 0x0000000088200000| Untracked 
| 131|0x0000000088300000, 0x0000000088300000, 0x0000000088400000|  0%| F|  |TAMS 0x0000000088300000, 0x0000000088300000| Untracked 
| 132|0x0000000088400000, 0x0000000088400000, 0x0000000088500000|  0%| F|  |TAMS 0x0000000088400000, 0x0000000088400000| Untracked 
| 133|0x0000000088500000, 0x0000000088500000, 0x0000000088600000|  0%| F|  |TAMS 0x0000000088500000, 0x0000000088500000| Untracked 
| 134|0x0000000088600000, 0x0000000088600000, 0x0000000088700000|  0%| F|  |TAMS 0x0000000088600000, 0x0000000088600000| Untracked 
| 135|0x0000000088700000, 0x0000000088700000, 0x0000000088800000|  0%| F|  |TAMS 0x0000000088700000, 0x0000000088700000| Untracked 
| 136|0x0000000088800000, 0x0000000088800000, 0x0000000088900000|  0%| F|  |TAMS 0x0000000088800000, 0x0000000088800000| Untracked 
| 137|0x0000000088900000, 0x0000000088900000, 0x0000000088a00000|  0%| F|  |TAMS 0x0000000088900000, 0x0000000088900000| Untracked 
| 138|0x0000000088a00000, 0x0000000088a00000, 0x0000000088b00000|  0%| F|  |TAMS 0x0000000088a00000, 0x0000000088a00000| Untracked 
| 139|0x0000000088b00000, 0x0000000088b00000, 0x0000000088c00000|  0%| F|  |TAMS 0x0000000088b00000, 0x0000000088b00000| Untracked 
| 140|0x0000000088c00000, 0x0000000088c00000, 0x0000000088d00000|  0%| F|  |TAMS 0x0000000088c00000, 0x0000000088c00000| Untracked 
| 141|0x0000000088d00000, 0x0000000088d00000, 0x0000000088e00000|  0%| F|  |TAMS 0x0000000088d00000, 0x0000000088d00000| Untracked 
| 142|0x0000000088e00000, 0x0000000088e00000, 0x0000000088f00000|  0%| F|  |TAMS 0x0000000088e00000, 0x0000000088e00000| Untracked 
| 143|0x0000000088f00000, 0x0000000088f00000, 0x0000000089000000|  0%| F|  |TAMS 0x0000000088f00000, 0x0000000088f00000| Untracked 
| 144|0x0000000089000000, 0x0000000089000000, 0x0000000089100000|  0%| F|  |TAMS 0x0000000089000000, 0x0000000089000000| Untracked 
| 145|0x0000000089100000, 0x0000000089100000, 0x0000000089200000|  0%| F|  |TAMS 0x0000000089100000, 0x0000000089100000| Untracked 
| 146|0x0000000089200000, 0x0000000089200000, 0x0000000089300000|  0%| F|  |TAMS 0x0000000089200000, 0x0000000089200000| Untracked 
| 147|0x0000000089300000, 0x0000000089300000, 0x0000000089400000|  0%| F|  |TAMS 0x0000000089300000, 0x0000000089300000| Untracked 
| 148|0x0000000089400000, 0x0000000089400000, 0x0000000089500000|  0%| F|  |TAMS 0x0000000089400000, 0x0000000089400000| Untracked 
| 149|0x0000000089500000, 0x0000000089500000, 0x0000000089600000|  0%| F|  |TAMS 0x0000000089500000, 0x0000000089500000| Untracked 
| 150|0x0000000089600000, 0x0000000089600000, 0x0000000089700000|  0%| F|  |TAMS 0x0000000089600000, 0x0000000089600000| Untracked 
| 151|0x0000000089700000, 0x0000000089700000, 0x0000000089800000|  0%| F|  |TAMS 0x0000000089700000, 0x0000000089700000| Untracked 
| 152|0x0000000089800000, 0x0000000089800000, 0x0000000089900000|  0%| F|  |TAMS 0x0000000089800000, 0x0000000089800000| Untracked 
| 153|0x0000000089900000, 0x0000000089900000, 0x0000000089a00000|  0%| F|  |TAMS 0x0000000089900000, 0x0000000089900000| Untracked 
| 154|0x0000000089a00000, 0x0000000089a00000, 0x0000000089b00000|  0%| F|  |TAMS 0x0000000089a00000, 0x0000000089a00000| Untracked 
| 155|0x0000000089b00000, 0x0000000089b00000, 0x0000000089c00000|  0%| F|  |TAMS 0x0000000089b00000, 0x0000000089b00000| Untracked 
| 156|0x0000000089c00000, 0x0000000089c00000, 0x0000000089d00000|  0%| F|  |TAMS 0x0000000089c00000, 0x0000000089c00000| Untracked 
| 157|0x0000000089d00000, 0x0000000089d00000, 0x0000000089e00000|  0%| F|  |TAMS 0x0000000089d00000, 0x0000000089d00000| Untracked 
| 158|0x0000000089e00000, 0x0000000089e00000, 0x0000000089f00000|  0%| F|  |TAMS 0x0000000089e00000, 0x0000000089e00000| Untracked 
| 159|0x0000000089f00000, 0x0000000089f00000, 0x000000008a000000|  0%| F|  |TAMS 0x0000000089f00000, 0x0000000089f00000| Untracked 
| 160|0x000000008a000000, 0x000000008a000000, 0x000000008a100000|  0%| F|  |TAMS 0x000000008a000000, 0x000000008a000000| Untracked 
| 161|0x000000008a100000, 0x000000008a100000, 0x000000008a200000|  0%| F|  |TAMS 0x000000008a100000, 0x000000008a100000| Untracked 
| 162|0x000000008a200000, 0x000000008a200000, 0x000000008a300000|  0%| F|  |TAMS 0x000000008a200000, 0x000000008a200000| Untracked 
| 163|0x000000008a300000, 0x000000008a300000, 0x000000008a400000|  0%| F|  |TAMS 0x000000008a300000, 0x000000008a300000| Untracked 
| 164|0x000000008a400000, 0x000000008a400000, 0x000000008a500000|  0%| F|  |TAMS 0x000000008a400000, 0x000000008a400000| Untracked 
| 165|0x000000008a500000, 0x000000008a500000, 0x000000008a600000|  0%| F|  |TAMS 0x000000008a500000, 0x000000008a500000| Untracked 
| 166|0x000000008a600000, 0x000000008a600000, 0x000000008a700000|  0%| F|  |TAMS 0x000000008a600000, 0x000000008a600000| Untracked 

Card table byte_map: [0x000002a1afd40000,0x000002a1b0140000] _byte_map_base: 0x000002a1af940000

Marking Bits (Prev, Next): (CMBitMap*) 0x000002a198dc7e00, (CMBitMap*) 0x000002a198dc7dc0
 Prev Bits: [0x000002a1b2540000, 0x000002a1b4540000)
 Next Bits: [0x000002a1b0540000, 0x000002a1b2540000)

Polling page: 0x000002a196c40000

Metaspace:

Usage:
  Non-class:     62.49 MB used.
      Class:      9.72 MB used.
       Both:     72.22 MB used.

Virtual space:
  Non-class space:       64.00 MB reserved,      62.88 MB ( 98%) committed,  1 nodes.
      Class space:      416.00 MB reserved,      10.06 MB (  2%) committed,  1 nodes.
             Both:      480.00 MB reserved,      72.94 MB ( 15%) committed. 

Chunk freelists:
   Non-Class:  1.11 MB
       Class:  5.97 MB
        Both:  7.08 MB

MaxMetaspaceSize: 512.00 MB
CompressedClassSpaceSize: 416.00 MB
Initial GC threshold: 21.00 MB
Current GC threshold: 114.81 MB
CDS: on
MetaspaceReclaimPolicy: balanced
 - commit_granule_bytes: 65536.
 - commit_granule_words: 8192.
 - virtual_space_node_default_size: 8388608.
 - enlarge_chunks_in_place: 1.
 - new_chunks_are_fully_committed: 0.
 - uncommit_free_chunks: 1.
 - use_allocation_guard: 0.
 - handle_deallocations: 1.


Internal statistics:

num_allocs_failed_limit: 6.
num_arena_births: 824.
num_arena_deaths: 0.
num_vsnodes_births: 2.
num_vsnodes_deaths: 0.
num_space_committed: 1167.
num_space_uncommitted: 0.
num_chunks_returned_to_freelist: 6.
num_chunks_taken_from_freelist: 3745.
num_chunk_merges: 6.
num_chunk_splits: 2552.
num_chunks_enlarged: 1765.
num_inconsistent_stats: 0.

CodeHeap 'non-profiled nmethods': size=120000Kb used=5668Kb max_used=5668Kb free=114331Kb
 bounds [0x000002a1a80e0000, 0x000002a1a8670000, 0x000002a1af610000]
CodeHeap 'profiled nmethods': size=120000Kb used=17707Kb max_used=17707Kb free=102292Kb
 bounds [0x000002a1a0610000, 0x000002a1a1760000, 0x000002a1a7b40000]
CodeHeap 'non-nmethods': size=5760Kb used=2386Kb max_used=2423Kb free=3373Kb
 bounds [0x000002a1a7b40000, 0x000002a1a7db0000, 0x000002a1a80e0000]
 total_blobs=10012 nmethods=9091 adapters=833
 compilation: enabled
              stopped_count=0, restarted_count=0
 full_count=0

Compilation events (20 events):
Event: 1581.900 Thread 0x000002a1b6f55200 10618       3       java.util.regex.Pattern$NotBehind::match (137 bytes)
Event: 1581.901 Thread 0x000002a1b6f55200 nmethod 10618 0x000002a1a1751b90 code [0x000002a1a1751d60, 0x000002a1a1752378]
Event: 1581.914 Thread 0x000002a1b6f4efb0 10619       4       java.util.regex.Pattern::peek (26 bytes)
Event: 1581.914 Thread 0x000002a1b6f55200 10620       3       java.util.regex.Pattern::sequence (647 bytes)
Event: 1581.915 Thread 0x000002a1b6f4efb0 nmethod 10619 0x000002a1a8668e90 code [0x000002a1a8669000, 0x000002a1a86690f8]
Event: 1581.920 Thread 0x000002a1b6f55200 nmethod 10620 0x000002a1a1752590 code [0x000002a1a1752ba0, 0x000002a1a1755ea8]
Event: 1581.952 Thread 0x000002a1b6f55200 10621       3       java.lang.AbstractStringBuilder::appendChars (207 bytes)
Event: 1581.954 Thread 0x000002a1b6f55200 nmethod 10621 0x000002a1a1756d10 code [0x000002a1a1756fc0, 0x000002a1a1757fa8]
Event: 1581.954 Thread 0x000002a1b6f55200 10623       3       java.util.regex.Pattern$Branch::study (162 bytes)
Event: 1581.955 Thread 0x000002a1b6f55200 nmethod 10623 0x000002a1a1758590 code [0x000002a1a1758780, 0x000002a1a1758e58]
Event: 1581.955 Thread 0x000002a1b6f55200 10622       3       java.util.regex.Pattern$Branch::<init> (37 bytes)
Event: 1581.956 Thread 0x000002a1b6f55200 nmethod 10622 0x000002a1a1759190 code [0x000002a1a1759360, 0x000002a1a1759a18]
Event: 1581.965 Thread 0x000002a1b6f55200 10624       3       java.util.regex.Pattern::bitsOrSingle (106 bytes)
Event: 1581.966 Thread 0x000002a1b6f55200 nmethod 10624 0x000002a1a1759b90 code [0x000002a1a1759d80, 0x000002a1a175a3d8]
Event: 1582.042 Thread 0x000002a1b6f55200 10625       3       java.lang.AbstractStringBuilder::append (63 bytes)
Event: 1582.043 Thread 0x000002a1b6f55200 nmethod 10625 0x000002a1a175a510 code [0x000002a1a175a700, 0x000002a1a175ac68]
Event: 1582.043 Thread 0x000002a1b6f55200 10626       3       java.lang.String::indexOf (18 bytes)
Event: 1582.043 Thread 0x000002a1b6f55200 nmethod 10626 0x000002a1a175ae10 code [0x000002a1a175afe0, 0x000002a1a175b2a8]
Event: 1582.044 Thread 0x000002a1b6f55200 10627       3       java.util.regex.Pattern::atom (422 bytes)
Event: 1582.047 Thread 0x000002a1b6f55200 nmethod 10627 0x000002a1a175b410 code [0x000002a1a175b780, 0x000002a1a175cec8]

GC Heap History (20 events):
Event: 1207.554 GC heap after
{Heap after GC invocations=32 (full 0):
 garbage-first heap   total 115712K, used 53864K [0x0000000080000000, 0x0000000100000000)
  region size 1024K, 2 young (2048K), 2 survivors (2048K)
 Metaspace       used 58377K, committed 58944K, reserved 491520K
  class space    used 8093K, committed 8384K, reserved 425984K
}
Event: 1295.997 GC heap before
{Heap before GC invocations=32 (full 0):
 garbage-first heap   total 115712K, used 89704K [0x0000000080000000, 0x0000000100000000)
  region size 1024K, 37 young (37888K), 2 survivors (2048K)
 Metaspace       used 59085K, committed 59712K, reserved 491520K
  class space    used 8171K, committed 8448K, reserved 425984K
}
Event: 1296.209 GC heap after
{Heap after GC invocations=33 (full 0):
 garbage-first heap   total 115712K, used 55396K [0x0000000080000000, 0x0000000100000000)
  region size 1024K, 3 young (3072K), 3 survivors (3072K)
 Metaspace       used 59085K, committed 59712K, reserved 491520K
  class space    used 8171K, committed 8448K, reserved 425984K
}
Event: 1347.287 GC heap before
{Heap before GC invocations=34 (full 0):
 garbage-first heap   total 115712K, used 69732K [0x0000000080000000, 0x0000000100000000)
  region size 1024K, 18 young (18432K), 3 survivors (3072K)
 Metaspace       used 59124K, committed 59712K, reserved 491520K
  class space    used 8171K, committed 8448K, reserved 425984K
}
Event: 1347.414 GC heap after
{Heap after GC invocations=35 (full 0):
 garbage-first heap   total 115712K, used 55739K [0x0000000080000000, 0x0000000100000000)
  region size 1024K, 2 young (2048K), 2 survivors (2048K)
 Metaspace       used 59124K, committed 59712K, reserved 491520K
  class space    used 8171K, committed 8448K, reserved 425984K
}
Event: 1426.641 GC heap before
{Heap before GC invocations=35 (full 0):
 garbage-first heap   total 115712K, used 91579K [0x0000000080000000, 0x0000000100000000)
  region size 1024K, 38 young (38912K), 2 survivors (2048K)
 Metaspace       used 60499K, committed 61120K, reserved 491520K
  class space    used 8410K, committed 8704K, reserved 425984K
}
Event: 1426.763 GC heap after
{Heap after GC invocations=36 (full 0):
 garbage-first heap   total 115712K, used 56932K [0x0000000080000000, 0x0000000100000000)
  region size 1024K, 4 young (4096K), 4 survivors (4096K)
 Metaspace       used 60499K, committed 61120K, reserved 491520K
  class space    used 8410K, committed 8704K, reserved 425984K
}
Event: 1428.630 GC heap before
{Heap before GC invocations=37 (full 0):
 garbage-first heap   total 115712K, used 60004K [0x0000000080000000, 0x0000000100000000)
  region size 1024K, 7 young (7168K), 4 survivors (4096K)
 Metaspace       used 60703K, committed 61312K, reserved 491520K
  class space    used 8425K, committed 8704K, reserved 425984K
}
Event: 1428.685 GC heap after
{Heap after GC invocations=38 (full 0):
 garbage-first heap   total 115712K, used 57835K [0x0000000080000000, 0x0000000100000000)
  region size 1024K, 1 young (1024K), 1 survivors (1024K)
 Metaspace       used 60703K, committed 61312K, reserved 491520K
  class space    used 8425K, committed 8704K, reserved 425984K
}
Event: 1454.335 GC heap before
{Heap before GC invocations=38 (full 0):
 garbage-first heap   total 115712K, used 90603K [0x0000000080000000, 0x0000000100000000)
  region size 1024K, 34 young (34816K), 1 survivors (1024K)
 Metaspace       used 62792K, committed 63360K, reserved 491520K
  class space    used 8684K, committed 8960K, reserved 425984K
}
Event: 1454.421 GC heap after
{Heap after GC invocations=39 (full 0):
 garbage-first heap   total 171008K, used 59914K [0x0000000080000000, 0x0000000100000000)
  region size 1024K, 4 young (4096K), 4 survivors (4096K)
 Metaspace       used 62792K, committed 63360K, reserved 491520K
  class space    used 8684K, committed 8960K, reserved 425984K
}
Event: 1504.526 GC heap before
{Heap before GC invocations=40 (full 0):
 garbage-first heap   total 171008K, used 89610K [0x0000000080000000, 0x0000000100000000)
  region size 1024K, 34 young (34816K), 4 survivors (4096K)
 Metaspace       used 62835K, committed 63488K, reserved 491520K
  class space    used 8684K, committed 8960K, reserved 425984K
}
Event: 1504.632 GC heap after
{Heap after GC invocations=41 (full 0):
 garbage-first heap   total 171008K, used 61034K [0x0000000080000000, 0x0000000100000000)
  region size 1024K, 4 young (4096K), 4 survivors (4096K)
 Metaspace       used 62835K, committed 63488K, reserved 491520K
  class space    used 8684K, committed 8960K, reserved 425984K
}
Event: 1504.928 GC heap before
{Heap before GC invocations=41 (full 0):
 garbage-first heap   total 171008K, used 65130K [0x0000000080000000, 0x0000000100000000)
  region size 1024K, 8 young (8192K), 4 survivors (4096K)
 Metaspace       used 62857K, committed 63488K, reserved 491520K
  class space    used 8684K, committed 8960K, reserved 425984K
}
Event: 1504.961 GC heap after
{Heap after GC invocations=42 (full 0):
 garbage-first heap   total 171008K, used 62456K [0x0000000080000000, 0x0000000100000000)
  region size 1024K, 1 young (1024K), 1 survivors (1024K)
 Metaspace       used 62857K, committed 63488K, reserved 491520K
  class space    used 8684K, committed 8960K, reserved 425984K
}
Event: 1547.802 GC heap before
{Heap before GC invocations=42 (full 0):
 garbage-first heap   total 171008K, used 148472K [0x0000000080000000, 0x0000000100000000)
  region size 1024K, 72 young (73728K), 1 survivors (1024K)
 Metaspace       used 69805K, committed 70464K, reserved 491520K
  class space    used 9442K, committed 9792K, reserved 425984K
}
Event: 1549.023 GC heap after
{Heap after GC invocations=43 (full 0):
 garbage-first heap   total 171008K, used 86433K [0x0000000080000000, 0x0000000100000000)
  region size 1024K, 9 young (9216K), 9 survivors (9216K)
 Metaspace       used 69805K, committed 70464K, reserved 491520K
  class space    used 9442K, committed 9792K, reserved 425984K
}
Event: 1549.029 GC heap before
{Heap before GC invocations=43 (full 0):
 garbage-first heap   total 171008K, used 86433K [0x0000000080000000, 0x0000000100000000)
  region size 1024K, 10 young (10240K), 9 survivors (9216K)
 Metaspace       used 69805K, committed 70464K, reserved 491520K
  class space    used 9442K, committed 9792K, reserved 425984K
}
Event: 1549.113 GC heap after
{Heap after GC invocations=44 (full 0):
 garbage-first heap   total 171008K, used 86466K [0x0000000080000000, 0x0000000100000000)
  region size 1024K, 1 young (1024K), 1 survivors (1024K)
 Metaspace       used 69805K, committed 70464K, reserved 491520K
  class space    used 9442K, committed 9792K, reserved 425984K
}
Event: 1582.050 GC heap before
{Heap before GC invocations=45 (full 0):
 garbage-first heap   total 171008K, used 133570K [0x0000000080000000, 0x0000000100000000)
  region size 1024K, 46 young (47104K), 1 survivors (1024K)
 Metaspace       used 73949K, committed 74688K, reserved 491520K
  class space    used 9956K, committed 10304K, reserved 425984K
}

Deoptimization events (20 events):
Event: 1581.473 Thread 0x000002a1d6fef990 Uncommon trap: trap_request=0xffffff45 fr.pc=0x000002a1a8666690 relative=0x0000000000000bd0
Event: 1581.473 Thread 0x000002a1d6fef990 Uncommon trap: reason=unstable_if action=reinterpret pc=0x000002a1a8666690 method=java.util.regex.Pattern.sequence(Ljava/util/regex/Pattern$Node;)Ljava/util/regex/Pattern$Node; @ 630 c2
Event: 1581.473 Thread 0x000002a1d6fef990 DEOPT PACKING pc=0x000002a1a8666690 sp=0x000000b8141f5380
Event: 1581.473 Thread 0x000002a1d6fef990 DEOPT UNPACKING pc=0x000002a1a7b923a3 sp=0x000000b8141f5320 mode 2
Event: 1581.481 Thread 0x000002a1d6fef990 Uncommon trap: trap_request=0xffffff45 fr.pc=0x000002a1a8198f70 relative=0x00000000000002d0
Event: 1581.481 Thread 0x000002a1d6fef990 Uncommon trap: reason=unstable_if action=reinterpret pc=0x000002a1a8198f70 method=java.lang.String.indexOf([BBILjava/lang/String;I)I @ 21 c2
Event: 1581.481 Thread 0x000002a1d6fef990 DEOPT PACKING pc=0x000002a1a8198f70 sp=0x000000b8141f6020
Event: 1581.482 Thread 0x000002a1d6fef990 DEOPT UNPACKING pc=0x000002a1a7b923a3 sp=0x000000b8141f5f18 mode 2
Event: 1581.711 Thread 0x000002a1d6fef990 Uncommon trap: trap_request=0xffffff45 fr.pc=0x000002a1a84cbbd0 relative=0x0000000000001170
Event: 1581.711 Thread 0x000002a1d6fef990 Uncommon trap: reason=unstable_if action=reinterpret pc=0x000002a1a84cbbd0 method=java.util.regex.Pattern.atom()Ljava/util/regex/Pattern$Node; @ 14 c2
Event: 1581.711 Thread 0x000002a1d6fef990 DEOPT PACKING pc=0x000002a1a84cbbd0 sp=0x000000b8141f5dd0
Event: 1581.711 Thread 0x000002a1d6fef990 DEOPT UNPACKING pc=0x000002a1a7b923a3 sp=0x000000b8141f5db0 mode 2
Event: 1581.896 Thread 0x000002a1d6fef990 Uncommon trap: trap_request=0xffffff45 fr.pc=0x000002a1a826e854 relative=0x0000000000000514
Event: 1581.897 Thread 0x000002a1d6fef990 Uncommon trap: reason=unstable_if action=reinterpret pc=0x000002a1a826e854 method=java.lang.AbstractStringBuilder.appendChars(Ljava/lang/String;II)V @ 11 c2
Event: 1581.897 Thread 0x000002a1d6fef990 DEOPT PACKING pc=0x000002a1a826e854 sp=0x000000b8141f5e60
Event: 1581.898 Thread 0x000002a1d6fef990 DEOPT UNPACKING pc=0x000002a1a7b923a3 sp=0x000000b8141f5d90 mode 2
Event: 1581.899 Thread 0x000002a1d6fef990 Uncommon trap: trap_request=0xffffff45 fr.pc=0x000002a1a826f1ec relative=0x000000000000014c
Event: 1581.899 Thread 0x000002a1d6fef990 Uncommon trap: reason=unstable_if action=reinterpret pc=0x000002a1a826f1ec method=java.lang.AbstractStringBuilder.appendChars(Ljava/lang/String;II)V @ 11 c2
Event: 1581.899 Thread 0x000002a1d6fef990 DEOPT PACKING pc=0x000002a1a826f1ec sp=0x000000b8141f5dd0
Event: 1581.899 Thread 0x000002a1d6fef990 DEOPT UNPACKING pc=0x000002a1a7b923a3 sp=0x000000b8141f5d80 mode 2

Classes unloaded (0 events):
No events

Classes redefined (0 events):
No events

Internal exceptions (20 events):
Event: 959.114 Thread 0x000002a1d6fef990 Exception <a 'java/lang/ClassNotFoundException'{0x0000000083fe7d88}: org/gradle/api/internal/artifacts/dsl/DefaultRepositoryHandler_DecoratedCustomizer> (0x0000000083fe7d88) 
thrown [s\open\src\hotspot\share\classfile\systemDictionary.cpp, line 256]
Event: 959.468 Thread 0x000002a1d6fef990 Exception <a 'java/lang/ClassNotFoundException'{0x000000008757a980}: org/gradle/api/internal/artifacts/dsl/dependencies/DefaultDependencyHandler_DecoratedBeanInfo> (0x000000008757a980) 
thrown [s\open\src\hotspot\share\classfile\systemDictionary.cpp, line 256]
Event: 959.470 Thread 0x000002a1d6fef990 Exception <a 'java/lang/ClassNotFoundException'{0x0000000087592848}: org/gradle/api/internal/artifacts/dsl/dependencies/DefaultDependencyHandlerBeanInfo> (0x0000000087592848) 
thrown [s\open\src\hotspot\share\classfile\systemDictionary.cpp, line 256]
Event: 959.472 Thread 0x000002a1d6fef990 Exception <a 'java/lang/ClassNotFoundException'{0x00000000875aa180}: org/gradle/api/internal/artifacts/dsl/dependencies/DefaultDependencyHandlerCustomizer> (0x00000000875aa180) 
thrown [s\open\src\hotspot\share\classfile\systemDictionary.cpp, line 256]
Event: 959.547 Thread 0x000002a1d6fef990 Exception <a 'java/lang/ClassNotFoundException'{0x00000000875e90a0}: org/gradle/api/internal/artifacts/dsl/dependencies/DefaultDependencyHandler_DecoratedCustomizer> (0x00000000875e90a0) 
thrown [s\open\src\hotspot\share\classfile\systemDictionary.cpp, line 256]
Event: 1282.250 Thread 0x000002a1d6fef990 Exception <a 'java/lang/NoSuchMethodError'{0x0000000085450ae8}: 'java.lang.Object java.lang.invoke.DirectMethodHandle$Holder.newInvokeSpecial(java.lang.Object, java.lang.Object, java.lang.Object, java.lang.Object, java.lang.Object, java.lang.Object, java.lang.Object, java.lang.Object, java.lang.Object)'> (0x0000000085450ae8) 
thrown [s\open\src\hotspot\share\interpreter\linkResolver.cpp, line 759]
Event: 1282.335 Thread 0x000002a1d6fef990 Exception <a 'java/lang/NoSuchMethodError'{0x0000000085456788}: 'java.lang.Object java.lang.invoke.Invokers$Holder.linkToTargetMethod(java.lang.Object, java.lang.Object, java.lang.Object, java.lang.Object, java.lang.Object, java.lang.Object, java.lang.Object, java.lang.Object, java.lang.Object)'> (0x0000000085456788) 
thrown [s\open\src\hotspot\share\interpreter\linkResolver.cpp, line 759]
Event: 1393.879 Thread 0x000002a1d9d8e150 Exception <a 'java/lang/NoSuchMethodError'{0x000000008624bda8}: 'java.lang.Object java.lang.invoke.DirectMethodHandle$Holder.newInvokeSpecial(java.lang.Object, java.lang.Object, java.lang.Object, java.lang.Object, int, java.lang.Object)'> (0x000000008624bda8) 
thrown [s\open\src\hotspot\share\interpreter\linkResolver.cpp, line 759]
Event: 1393.896 Thread 0x000002a1d9d8e150 Exception <a 'java/lang/NoSuchMethodError'{0x000000008624fe20}: 'java.lang.Object java.lang.invoke.Invokers$Holder.linkToTargetMethod(java.lang.Object, java.lang.Object, java.lang.Object, int, java.lang.Object, java.lang.Object)'> (0x000000008624fe20) 
thrown [s\open\src\hotspot\share\interpreter\linkResolver.cpp, line 759]
Event: 1394.938 Thread 0x000002a1d9d8cd10 Exception <a 'java/lang/NoSuchMethodError'{0x00000000862dca40}: 'void java.lang.invoke.DirectMethodHandle$Holder.invokeInterface(java.lang.Object, java.lang.Object, java.lang.Object, java.lang.Object)'> (0x00000000862dca40) 
thrown [s\open\src\hotspot\share\interpreter\linkResolver.cpp, line 759]
Event: 1397.798 Thread 0x000002a1d9d8cd10 Exception <a 'java/lang/NoSuchMethodError'{0x0000000085eeccc0}: 'int java.lang.invoke.DirectMethodHandle$Holder.invokeSpecial(java.lang.Object, java.lang.Object, java.lang.Object, java.lang.Object, java.lang.Object)'> (0x0000000085eeccc0) 
thrown [s\open\src\hotspot\share\interpreter\linkResolver.cpp, line 759]
Event: 1435.979 Thread 0x000002a1d9d8e150 Exception <a 'sun/nio/fs/WindowsException'{0x0000000085b13388}> (0x0000000085b13388) 
thrown [s\open\src\hotspot\share\prims\jni.cpp, line 516]
Event: 1435.991 Thread 0x000002a1d9d8e150 Exception <a 'sun/nio/fs/WindowsException'{0x0000000085b159e8}> (0x0000000085b159e8) 
thrown [s\open\src\hotspot\share\prims\jni.cpp, line 516]
Event: 1435.996 Thread 0x000002a1d9d8e150 Exception <a 'sun/nio/fs/WindowsException'{0x0000000085b17d10}> (0x0000000085b17d10) 
thrown [s\open\src\hotspot\share\prims\jni.cpp, line 516]
Event: 1436.000 Thread 0x000002a1d9d8e150 Exception <a 'sun/nio/fs/WindowsException'{0x0000000085b19d20}> (0x0000000085b19d20) 
thrown [s\open\src\hotspot\share\prims\jni.cpp, line 516]
Event: 1524.290 Thread 0x000002a1d6fef990 Exception <a 'java/lang/ClassNotFoundException'{0x0000000089ae9aa8}: build_1yzef8y96ulod5r5gyqigdbgxBeanInfo> (0x0000000089ae9aa8) 
thrown [s\open\src\hotspot\share\classfile\systemDictionary.cpp, line 256]
Event: 1524.304 Thread 0x000002a1d6fef990 Exception <a 'java/lang/ClassNotFoundException'{0x0000000089af0648}: build_1yzef8y96ulod5r5gyqigdbgxCustomizer> (0x0000000089af0648) 
thrown [s\open\src\hotspot\share\classfile\systemDictionary.cpp, line 256]
Event: 1543.617 Thread 0x000002a1d6fef990 Implicit null exception at 0x000002a1a8304d0c to 0x000002a1a8304e3e
Event: 1554.732 Thread 0x000002a1d6fef990 Exception <a 'sun/nio/fs/WindowsException'{0x000000008a2c2790}> (0x000000008a2c2790) 
thrown [s\open\src\hotspot\share\prims\jni.cpp, line 516]
Event: 1564.347 Thread 0x000002a1d6fef990 Implicit null exception at 0x000002a1a822cac8 to 0x000002a1a822cb88

VM Operations (20 events):
Event: 1562.596 Executing VM operation: Cleanup done
Event: 1563.606 Executing VM operation: Cleanup
Event: 1563.626 Executing VM operation: Cleanup done
Event: 1564.636 Executing VM operation: Cleanup
Event: 1565.775 Executing VM operation: Cleanup done
Event: 1566.782 Executing VM operation: Cleanup
Event: 1566.799 Executing VM operation: Cleanup done
Event: 1567.802 Executing VM operation: Cleanup
Event: 1567.817 Executing VM operation: Cleanup done
Event: 1573.292 Executing VM operation: HandshakeAllThreads
Event: 1573.306 Executing VM operation: HandshakeAllThreads done
Event: 1573.306 Executing VM operation: Cleanup
Event: 1573.306 Executing VM operation: Cleanup done
Event: 1578.346 Executing VM operation: Cleanup
Event: 1578.363 Executing VM operation: Cleanup done
Event: 1579.364 Executing VM operation: Cleanup
Event: 1579.430 Executing VM operation: Cleanup done
Event: 1580.440 Executing VM operation: Cleanup
Event: 1580.520 Executing VM operation: Cleanup done
Event: 1582.048 Executing VM operation: G1CollectForAllocation

Events (20 events):
Event: 1560.016 loading class java/security/KeyStore
Event: 1560.020 loading class java/security/KeyStore done
Event: 1560.021 loading class java/security/KeyStore$1
Event: 1560.022 loading class java/security/KeyStore$1 done
Event: 1561.686 loading class javax/xml/stream/XMLStreamException
Event: 1561.688 loading class javax/xml/stream/XMLStreamException done
Event: 1562.184 loading class sun/reflect/annotation/AnnotationInvocationHandler$1
Event: 1562.186 loading class sun/reflect/annotation/AnnotationInvocationHandler$1 done
Event: 1571.744 loading class java/util/concurrent/atomic/AtomicIntegerArray
Event: 1571.862 loading class java/util/concurrent/atomic/AtomicIntegerArray done
Event: 1571.999 loading class java/util/Currency
Event: 1572.283 loading class java/util/Currency done
Event: 1572.667 loading class java/util/concurrent/atomic/AtomicLongArray
Event: 1572.892 loading class java/util/concurrent/atomic/AtomicLongArray done
Event: 1578.544 loading class sun/reflect/generics/repository/FieldRepository
Event: 1578.573 loading class sun/reflect/generics/repository/FieldRepository done
Event: 1579.160 loading class jdk/internal/vm/annotation/ForceInline
Event: 1579.167 loading class jdk/internal/vm/annotation/ForceInline done
Event: 1581.908 loading class java/util/regex/Pattern$Caret
Event: 1581.910 loading class java/util/regex/Pattern$Caret done


Dynamic libraries:
0x00007ff7ba8b0000 - 0x00007ff7ba8c0000 	C:\Program Files\Java\jdk-17\bin\java.exe
0x00007ffc4be20000 - 0x00007ffc4c087000 	C:\WINDOWS\SYSTEM32\ntdll.dll
0x00007ffc4b220000 - 0x00007ffc4b2e9000 	C:\WINDOWS\System32\KERNEL32.DLL
0x00007ffc49300000 - 0x00007ffc496f0000 	C:\WINDOWS\System32\KERNELBASE.dll
0x00007ffc497f0000 - 0x00007ffc4993b000 	C:\WINDOWS\System32\ucrtbase.dll
0x00007ffc12300000 - 0x00007ffc12319000 	C:\Program Files\Java\jdk-17\bin\jli.dll
0x00007ffc4aa10000 - 0x00007ffc4aac4000 	C:\WINDOWS\System32\ADVAPI32.dll
0x00007ffc4b330000 - 0x00007ffc4b3d9000 	C:\WINDOWS\System32\msvcrt.dll
0x00007ffc4a5c0000 - 0x00007ffc4a666000 	C:\WINDOWS\System32\sechost.dll
0x00007ffc4bc60000 - 0x00007ffc4bd78000 	C:\WINDOWS\System32\RPCRT4.dll
0x00007ffc4a3f0000 - 0x00007ffc4a5b5000 	C:\WINDOWS\System32\USER32.dll
0x00007ffc497c0000 - 0x00007ffc497e7000 	C:\WINDOWS\System32\win32u.dll
0x00007ffc4a8f0000 - 0x00007ffc4a91b000 	C:\WINDOWS\System32\GDI32.dll
0x00007ffc49a70000 - 0x00007ffc49ba8000 	C:\WINDOWS\System32\gdi32full.dll
0x00007ffc490d0000 - 0x00007ffc49173000 	C:\WINDOWS\System32\msvcp_win.dll
0x00007ffc19e20000 - 0x00007ffc19e3b000 	C:\Program Files\Java\jdk-17\bin\VCRUNTIME140.dll
0x00007ffc408a0000 - 0x00007ffc408ab000 	C:\WINDOWS\SYSTEM32\VERSION.dll
0x00007ffc2f690000 - 0x00007ffc2f92a000 	C:\WINDOWS\WinSxS\amd64_microsoft.windows.common-controls_6595b64144ccf1df_6.0.26100.4768_none_3e0c112ce331287c\COMCTL32.dll
0x00007ffc4b2f0000 - 0x00007ffc4b31f000 	C:\WINDOWS\System32\IMM32.DLL
0x00007ffc19b50000 - 0x00007ffc19b5c000 	C:\Program Files\Java\jdk-17\bin\vcruntime140_1.dll
0x00007ffbdfde0000 - 0x00007ffbdfe6e000 	C:\Program Files\Java\jdk-17\bin\msvcp140.dll
0x00007ffbd92a0000 - 0x00007ffbd9e7f000 	C:\Program Files\Java\jdk-17\bin\server\jvm.dll
0x00007ffc4a820000 - 0x00007ffc4a828000 	C:\WINDOWS\System32\PSAPI.DLL
0x00007ffc18f50000 - 0x00007ffc18f5a000 	C:\WINDOWS\SYSTEM32\WSOCK32.dll
0x00007ffc4a020000 - 0x00007ffc4a094000 	C:\WINDOWS\System32\WS2_32.dll
0x00007ffc40860000 - 0x00007ffc40895000 	C:\WINDOWS\SYSTEM32\WINMM.dll
0x00007ffc47cd0000 - 0x00007ffc47ceb000 	C:\WINDOWS\SYSTEM32\kernel.appcore.dll
0x00007ffc18c30000 - 0x00007ffc18c3a000 	C:\Program Files\Java\jdk-17\bin\jimage.dll
0x00007ffc3bca0000 - 0x00007ffc3bee1000 	C:\WINDOWS\SYSTEM32\DBGHELP.DLL
0x00007ffc49c60000 - 0x00007ffc49fe5000 	C:\WINDOWS\System32\combase.dll
0x00007ffc4a0a0000 - 0x00007ffc4a180000 	C:\WINDOWS\System32\OLEAUT32.dll
0x00007ffc2e310000 - 0x00007ffc2e353000 	C:\WINDOWS\SYSTEM32\dbgcore.DLL
0x00007ffc49940000 - 0x00007ffc499d9000 	C:\WINDOWS\System32\bcryptPrimitives.dll
0x00007ffc04930000 - 0x00007ffc04955000 	C:\Program Files\Java\jdk-17\bin\java.dll
0x00007ffc04850000 - 0x00007ffc04927000 	C:\Program Files\Java\jdk-17\bin\jsvml.dll
0x00007ffc4aad0000 - 0x00007ffc4b21d000 	C:\WINDOWS\System32\SHELL32.dll
0x00007ffc48f50000 - 0x00007ffc490c3000 	C:\WINDOWS\System32\wintypes.dll
0x00007ffc46b50000 - 0x00007ffc473b0000 	C:\WINDOWS\SYSTEM32\windows.storage.dll
0x00007ffc4b4e0000 - 0x00007ffc4b5d5000 	C:\WINDOWS\System32\SHCORE.dll
0x00007ffc4a190000 - 0x00007ffc4a1fa000 	C:\WINDOWS\System32\shlwapi.dll
0x00007ffc48e70000 - 0x00007ffc48e99000 	C:\WINDOWS\SYSTEM32\profapi.dll
0x00007ffc10810000 - 0x00007ffc10829000 	C:\Program Files\Java\jdk-17\bin\net.dll
0x00007ffc42220000 - 0x00007ffc4233e000 	C:\WINDOWS\SYSTEM32\WINHTTP.dll
0x00007ffc48260000 - 0x00007ffc482cb000 	C:\WINDOWS\system32\mswsock.dll
0x00007ffc0efc0000 - 0x00007ffc0efd6000 	C:\Program Files\Java\jdk-17\bin\nio.dll
0x00007ffc04830000 - 0x00007ffc04848000 	C:\Program Files\Java\jdk-17\bin\zip.dll
0x00007ffc06130000 - 0x00007ffc06140000 	C:\Program Files\Java\jdk-17\bin\verify.dll
0x00007ffc05b50000 - 0x00007ffc05b77000 	C:\Users\GOHIL KINJAL\.gradle\native\68d5fa5c4cc2d200863cafc0d521ce42e7d3e7ee720ec0a83991735586a16f82\windows-amd64\native-platform.dll
0x00007ffbd17e0000 - 0x00007ffbd1924000 	C:\Users\GOHIL KINJAL\.gradle\native\e376f236ea51e6404a007f0833ffe2c6e607c4080706a723a18a27aeea778392\windows-amd64\native-platform-file-events.dll
0x00007ffc124e0000 - 0x00007ffc124ea000 	C:\Program Files\Java\jdk-17\bin\management.dll
0x00007ffc06d90000 - 0x00007ffc06d9b000 	C:\Program Files\Java\jdk-17\bin\management_ext.dll
0x00007ffc48520000 - 0x00007ffc4853b000 	C:\WINDOWS\SYSTEM32\CRYPTSP.dll
0x00007ffc47c30000 - 0x00007ffc47c6b000 	C:\WINDOWS\system32\rsaenh.dll
0x00007ffc48300000 - 0x00007ffc4832b000 	C:\WINDOWS\SYSTEM32\USERENV.dll
0x00007ffc48e40000 - 0x00007ffc48e66000 	C:\WINDOWS\SYSTEM32\bcrypt.dll
0x00007ffc48540000 - 0x00007ffc4854c000 	C:\WINDOWS\SYSTEM32\CRYPTBASE.dll
0x00007ffc476e0000 - 0x00007ffc47713000 	C:\WINDOWS\SYSTEM32\IPHLPAPI.DLL
0x00007ffc4a850000 - 0x00007ffc4a85a000 	C:\WINDOWS\System32\NSI.dll
0x00007ffc421f0000 - 0x00007ffc4220f000 	C:\WINDOWS\SYSTEM32\dhcpcsvc6.DLL
0x00007ffc421c0000 - 0x00007ffc421e5000 	C:\WINDOWS\SYSTEM32\dhcpcsvc.DLL
0x00007ffc47770000 - 0x00007ffc47896000 	C:\WINDOWS\SYSTEM32\DNSAPI.dll
0x00007ffc06120000 - 0x00007ffc0612e000 	C:\Program Files\Java\jdk-17\bin\sunmscapi.dll
0x00007ffc49180000 - 0x00007ffc492f7000 	C:\WINDOWS\System32\CRYPT32.dll
0x00007ffc487b0000 - 0x00007ffc487e0000 	C:\WINDOWS\SYSTEM32\ncrypt.dll
0x00007ffc48760000 - 0x00007ffc4879f000 	C:\WINDOWS\SYSTEM32\NTASN1.dll
0x00007ffc05f40000 - 0x00007ffc05f48000 	C:\WINDOWS\system32\wshunix.dll

dbghelp: loaded successfully - version: 4.0.5 - missing functions: none
symbol engine: initialized successfully - sym options: 0x614 - pdb path: .;C:\Program Files\Java\jdk-17\bin;C:\WINDOWS\SYSTEM32;C:\WINDOWS\WinSxS\amd64_microsoft.windows.common-controls_6595b64144ccf1df_6.0.26100.4768_none_3e0c112ce331287c;C:\Program Files\Java\jdk-17\bin\server;C:\Users\GOHIL KINJAL\.gradle\native\68d5fa5c4cc2d200863cafc0d521ce42e7d3e7ee720ec0a83991735586a16f82\windows-amd64;C:\Users\GOHIL KINJAL\.gradle\native\e376f236ea51e6404a007f0833ffe2c6e607c4080706a723a18a27aeea778392\windows-amd64

VM Arguments:
jvm_args: -XX:MaxMetaspaceSize=512m --add-opens=java.base/java.util=ALL-UNNAMED --add-opens=java.base/java.lang=ALL-UNNAMED --add-opens=java.base/java.lang.invoke=ALL-UNNAMED --add-opens=java.prefs/java.util.prefs=ALL-UNNAMED --add-opens=java.base/java.nio.charset=ALL-UNNAMED --add-opens=java.base/java.net=ALL-UNNAMED --add-opens=java.base/java.util.concurrent.atomic=ALL-UNNAMED -Xmx2048m -Dfile.encoding=windows-1252 -Djavax.net.ssl.trustStoreType=JKS -Duser.country=IN -Duser.language=en -Duser.variant 
java_command: org.gradle.launcher.daemon.bootstrap.GradleDaemon 8.0.1
java_class_path (initial): C:\Users\GOHIL KINJAL\.gradle\wrapper\dists\gradle-8.0.1-all\aro4hu1c3oeioove7l0i4i14o\gradle-8.0.1\lib\gradle-launcher-8.0.1.jar
Launcher Type: SUN_STANDARD

[Global flags]
     intx CICompilerCount                          = 4                                         {product} {ergonomic}
   size_t CompressedClassSpaceSize                 = 436207616                                 {product} {ergonomic}
     uint ConcGCThreads                            = 2                                         {product} {ergonomic}
     uint G1ConcRefinementThreads                  = 8                                         {product} {ergonomic}
   size_t G1HeapRegionSize                         = 1048576                                   {product} {ergonomic}
    uintx GCDrainStackTargetSize                   = 64                                        {product} {ergonomic}
   size_t InitialHeapSize                          = 123731968                                 {product} {ergonomic}
   size_t MarkStackSize                            = 4194304                                   {product} {ergonomic}
   size_t MaxHeapSize                              = 2147483648                                {product} {command line}
   size_t MaxMetaspaceSize                         = 536870912                                 {product} {command line}
   size_t MaxNewSize                               = 1287651328                                {product} {ergonomic}
   size_t MinHeapDeltaBytes                        = 1048576                                   {product} {ergonomic}
   size_t MinHeapSize                              = 8388608                                   {product} {ergonomic}
    uintx NonNMethodCodeHeapSize                   = 5839372                                {pd product} {ergonomic}
    uintx NonProfiledCodeHeapSize                  = 122909434                              {pd product} {ergonomic}
    uintx ProfiledCodeHeapSize                     = 122909434                              {pd product} {ergonomic}
    uintx ReservedCodeCacheSize                    = 251658240                              {pd product} {ergonomic}
     bool SegmentedCodeCache                       = true                                      {product} {ergonomic}
   size_t SoftMaxHeapSize                          = 2147483648                             {manageable} {ergonomic}
     bool UseCompressedClassPointers               = true                           {product lp64_product} {ergonomic}
     bool UseCompressedOops                        = true                           {product lp64_product} {ergonomic}
     bool UseG1GC                                  = true                                      {product} {ergonomic}
     bool UseLargePagesIndividualAllocation        = false                                  {pd product} {ergonomic}

Logging:
Log output configuration:
 #0: stdout all=warning uptime,level,tags
 #1: stderr all=off uptime,level,tags

Environment Variables:
JAVA_HOME=C:\Program Files\Java\jdk-17
CLASSPATH=D:\PROJECTS\MySecondDemo\MysecondDemo\android\\gradle\wrapper\gradle-wrapper.jar
PATH=D:\PROJECTS\MySecondDemo\MysecondDemo\node_modules\.bin;D:\PROJECTS\MySecondDemo\MysecondDemo\node_modules\.bin;D:\PROJECTS\MySecondDemo\node_modules\.bin;D:\PROJECTS\node_modules\.bin;D:\node_modules\.bin;C:\Program Files\nodejs\node_modules\npm\node_modules\@npmcli\run-script\lib\node-gyp-bin;D:\PROJECTS\MySecondDemo\MysecondDemo\node_modules\.bin;D:\PROJECTS\MySecondDemo\MysecondDemo\node_modules\.bin;D:\PROJECTS\MySecondDemo\node_modules\.bin;D:\PROJECTS\node_modules\.bin;D:\node_modules\.bin;C:\Program Files\nodejs\node_modules\npm\node_modules\@npmcli\run-script\lib\node-gyp-bin;C:\Python313\Scripts\;C:\Python313\;C:\Program Files\Common Files\Oracle\Java\javapath;C:\Program Files\Microsoft\jdk-11.0.18.10-hotspot\bin;C:\WINDOWS\system32;C:\WINDOWS;C:\WINDOWS\System32\Wbem;C:\WINDOWS\System32\WindowsPowerShell\v1.0\;C:\WINDOWS\System32\OpenSSH\;C:\Program Files\Java\jdk-16.0.1\bin;C:\sqlite-tools-win32-x86-3360000\sqlite3;C:\Program Files\Microsoft SQL Server\Client SDK\ODBC\170\Tools\Binn\;C:\Program Files (x86)\Microsoft SQL Server\150\Tools\Binn\;C:\Program Files\Microsoft SQL Server\150\Tools\Binn\;C:\Program Files\Microsoft SQL Server\150\DTS\Binn\;C:\Program Files (x86)\Microsoft SQL Server\150\DTS\Binn\;C:\Program Files\Azure Data Studio\bin;C:\Program Files\Git\cmd;C:\ProgramData\chocolatey\bin;C:\Users\GOHIL KINJAL\AppData\Local\Programs\Microsoft VS Code\bin;C:\Program Files\nodejs\;C:\Users\GOHIL KINJAL\AppData\Local\Microsoft\WindowsApps;C:\Program Files\Azure Data Studio\bin;C:\Users\GOHIL KINJAL\AppData\Local\GitHubDesktop\bin;"C:\Users\GOHIL KINJAL\AppData\Local\Android\Sdk\platform-tools;";C:\Users\GOHIL KINJAL\AppData\Local\Android\Sdk;C:\Program Files\Microsoft Visual Studio;C:\Program Files\Java\jdk-17\bin;C:\application\flutter\bin;C:\Users\GOHIL KINJAL\AppData\Local\Programs\cursor\resources\app\bin;C:\Users\GOHIL KINJAL\AppData\Roaming\npm;C:\Users\GOHIL KINJAL\AppData\Local\Programs\Microsoft VS Code\bin;c:\Users\GOHIL KINJAL\AppData\Ro
USERNAME=GOHIL KINJAL
LANG=en_US.UTF-8
OS=Windows_NT
PROCESSOR_IDENTIFIER=AMD64 Family 23 Model 104 Stepping 1, AuthenticAMD



---------------  S Y S T E M  ---------------

OS:
 Windows 11 , 64 bit Build 26100 (10.0.26100.4768)
OS uptime: 0 days 3:29 hours

CPU: total 8 (initial active 8) (8 cores per cpu, 2 threads per core) family 23 model 104 stepping 1 microcode 0x8608104, cx8, cmov, fxsr, ht, mmx, 3dnowpref, sse, sse2, sse3, ssse3, sse4a, sse4.1, sse4.2, popcnt, lzcnt, tsc, tscinvbit, avx, avx2, aes, clmul, bmi1, bmi2, adx, sha, fma, vzeroupper, clflush, clflushopt

Memory: 4k page, system-wide physical 7502M (3M free)
TotalPageFile size 30030M (AvailPageFile size 47M)
current process WorkingSet (physical memory assigned to process): 16M, peak: 205M
current process commit charge ("private bytes"): 425M, peak: 564M

vm_info: Java HotSpot(TM) 64-Bit Server VM (17.0.10+11-LTS-240) for windows-amd64 JRE (17.0.10+11-LTS-240), built on Dec 19 2023 21:47:25 by "mach5one" with MS VC++ 17.1 (VS2022)

END.
